Microchip Technology Inc, v1.60 (B)

Tool Name:
  d:\program files\microchip\xc16\v1.60\bin\bin\..\bin/elf-ld.exe

Command:
  -p24F16KA101 \
  --mdfp=D:/Program Files (x86)/Microchip/MPLABX/v5.40/packs/Microchip/PIC24F-KA-KL-KM_DFP/1.3.49/xc16 \
  -o \
  dist/default/production/Midterm.X.production.elf \
  -Ld:/program files/microchip/xc16/v1.60/bin/bin/.. \
  -LD:/Program Files (x86)/Microchip/MPLABX/v5.40/packs/Microchip/PIC24F-KA-KL-KM_DFP/1.3.49/xc16/bin/../support/PIC24F/gld \
  -Ld:/program files/microchip/xc16/v1.60/bin/bin/../../lib \
  -Ld:/program files/microchip/xc16/v1.60/bin/bin/../../support/PIC24E/gld \
  -Ld:/program files/microchip/xc16/v1.60/bin/bin/../../support/PIC24F/gld \
  -Ld:/program files/microchip/xc16/v1.60/bin/bin/../../support/PIC24H/gld \
  -Ld:/program files/microchip/xc16/v1.60/bin/bin/../../support/dsPIC30F/gld \
  -Ld:/program files/microchip/xc16/v1.60/bin/bin/../../support/dsPIC33C/gld \
  -Ld:/program files/microchip/xc16/v1.60/bin/bin/../../support/dsPIC33E/gld \
  -Ld:/program files/microchip/xc16/v1.60/bin/bin/../../support/dsPIC33F/gld \
  build/default/production/ADC.o \
  build/default/production/ChangeClk.o \
  build/default/production/IOs.o \
  build/default/production/UART2.o \
  build/default/production/debouncer.o \
  build/default/production/main.o \
  build/default/production/pulse.o \
  --defsym=__MPLAB_BUILD=1 \
  -Tp24F16KA101.gld.00 \
  --stack=16 \
  --check-sections \
  --data-init \
  --pack-data \
  --handles \
  --isr \
  --no-gc-sections \
  --fill-upper=0 \
  --stackguard=16 \
  --no-force-link \
  --smart-io \
  -Map=dist/default/production/Midterm.X.production.map \
  --report-mem \
  --memorysummary \
  dist/default/production/memoryfile.xml \
  -start-group \
  --library=lega-pic30-elf \
  --library=m-elf \
  --library=lega-c-elf \
  -end-group \


Optional library libpPIC24Fxxx.a not found
Archive member included because of file (symbol)

d:/program files/microchip/xc16/v1.60/bin/bin/../../lib\liblega-pic30-elf.a(crt0_standard.o)
                              (__resetPRI)
d:/program files/microchip/xc16/v1.60/bin/bin/../../lib\liblega-pic30-elf.a(data_init_standard.o)
                              d:/program files/microchip/xc16/v1.60/bin/bin/../../lib\liblega-pic30-elf.a(crt0_standard.o) (__data_init_standard)
d:/program files/microchip/xc16/v1.60/bin/bin/../../lib\liblega-pic30-elf.a(crt_start_mode_normal.Leo)
                              (__crt_start_mode_normal)
d:/program files/microchip/xc16/v1.60/bin/bin/../../lib\libm-elf.a(divsf3.eo)
                              build/default/production/ADC.o (___divsf3)
d:/program files/microchip/xc16/v1.60/bin/bin/../../lib\libm-elf.a(fixunssfsi.eo)
                              build/default/production/UART2.o (___fixunssfsi)
d:/program files/microchip/xc16/v1.60/bin/bin/../../lib\libm-elf.a(floatsisf.eo)
                              build/default/production/UART2.o (___floatsisf)
d:/program files/microchip/xc16/v1.60/bin/bin/../../lib\libm-elf.a(floatunsisf.eo)
                              build/default/production/ADC.o (___floatunsisf)
d:/program files/microchip/xc16/v1.60/bin/bin/../../lib\libm-elf.a(fpack.eo)
                              d:/program files/microchip/xc16/v1.60/bin/bin/../../lib\libm-elf.a(divsf3.eo) (__fpack)
d:/program files/microchip/xc16/v1.60/bin/bin/../../lib\libm-elf.a(funpack.eo)
                              d:/program files/microchip/xc16/v1.60/bin/bin/../../lib\libm-elf.a(fixunssfsi.eo) (__funpack)
d:/program files/microchip/xc16/v1.60/bin/bin/../../lib\libm-elf.a(funpack2.eo)
                              d:/program files/microchip/xc16/v1.60/bin/bin/../../lib\libm-elf.a(divsf3.eo) (__funpack2)
d:/program files/microchip/xc16/v1.60/bin/bin/../../lib\libm-elf.a(futil.eo)
                              d:/program files/microchip/xc16/v1.60/bin/bin/../../lib\libm-elf.a(divsf3.eo) (__fPropagateNaN)
d:/program files/microchip/xc16/v1.60/bin/bin/../../lib\libm-elf.a(mulsf3.eo)
                              build/default/production/ADC.o (___mulsf3)
d:/program files/microchip/xc16/v1.60/bin/bin/../../lib\libm-elf.a(powf.eo)
                              build/default/production/UART2.o (_powf)
d:/program files/microchip/xc16/v1.60/bin/bin/../../lib\libm-elf.a(udivsi3.eo)
                              build/default/production/ADC.o (___udivsi3)
d:/program files/microchip/xc16/v1.60/bin/bin/../../lib\libm-elf.a(_frexpf.eo)
                              d:/program files/microchip/xc16/v1.60/bin/bin/../../lib\libm-elf.a(powf.eo) (__frexpf)
d:/program files/microchip/xc16/v1.60/bin/bin/../../lib\libm-elf.a(addsf3.eo)
                              d:/program files/microchip/xc16/v1.60/bin/bin/../../lib\libm-elf.a(powf.eo) (___subsf3)
d:/program files/microchip/xc16/v1.60/bin/bin/../../lib\libm-elf.a(errno.eo)
                              d:/program files/microchip/xc16/v1.60/bin/bin/../../lib\libm-elf.a(powf.eo) (_errno)
[...]
Memory Configuration

Name             Origin             Length             Attributes
data             0x000800           0x000600           a !xr
reset            0x000000           0x000004  
ivt              0x000004           0x0000fc  
_reserved        0x000100           0x000004  
aivt             0x000104           0x0000fc  
program          0x000200           0x002a00           xr
eedata           0x7ffe00           0x000200  
FBS              0xf80000           0x000002  
FGS              0xf80004           0x000002  
FOSCSEL          0xf80006           0x000002  
FOSC             0xf80008           0x000002  
FWDT             0xf8000a           0x000002  
FPOR             0xf8000c           0x000002  
FICD             0xf8000e           0x000002  
FDS              0xf80010           0x000002  
*default*        0x000000           0xffffffff  

Linker script and memory map

LOAD build/default/production/ADC.o
LOAD build/default/production/ChangeClk.o
LOAD build/default/production/IOs.o
LOAD build/default/production/UART2.o
LOAD build/default/production/debouncer.o
LOAD build/default/production/main.o
LOAD build/default/production/pulse.o
                    0x0001                  __MPLAB_BUILD = 0x1
LOAD pPIC24Fxxx
LOAD d:/program files/microchip/xc16/v1.60/bin/bin/../../lib\libfx-elf.a
                    0xf80000                  __FBS = 0xf80000
                    0xf80004                  __FGS = 0xf80004
                    0xf80006                  __FOSCSEL = 0xf80006
                    0xf80008                  __FOSC = 0xf80008
                    0xf8000a                  __FWDT = 0xf8000a
                    0xf8000c                  __FPOR = 0xf8000c
                    0xf8000e                  __FICD = 0xf8000e
                    0xf80010                  __FDS = 0xf80010
                    0x0001                  __NO_HANDLES = 0x1
                    0x0200                  __CODE_BASE = 0x200
                    0x2a00                  __CODE_LENGTH = 0x2a00
                    0x0004                  __IVT_BASE = 0x4
                    0x0104                  __AIVT_BASE = 0x104
                    0x0800                  __DATA_BASE = 0x800
                    0x0600                  __DATA_LENGTH = 0x600

.reset            0x000000          0x4
                  0x000000          0x2 SHORT 0x200 ABSOLUTE (__reset)
                  0x000001          0x2 SHORT 0x4
                  0x000002          0x2 SHORT 0x0 ((ABSOLUTE (__reset) >> 0x10) & 0x7f)
                  0x000003          0x2 SHORT 0x0

.text             0x000200       0x1e06
 *(.init)
 .init            0x000200         0x4c d:/program files/microchip/xc16/v1.60/bin/bin/../../lib\liblega-pic30-elf.a(crt0_standard.o)
                  0x000200                  __resetPRI
                  0x000200                  __reset
                  0x00023c                  __psv_init
 .init            0x00024c         0x7c d:/program files/microchip/xc16/v1.60/bin/bin/../../lib\liblega-pic30-elf.a(data_init_standard.o)
                  0x000252                  __data_init_standard
                  0x000252                  __data_init
 *(.user_init)
 *(.handle)
 *(.isr*)
 .isr.text        0x0002dc         0xa0 build/default/production/IOs.o
                  0x0002dc                  __CNInterrupt
 .isr.text        0x00037c         0x10 build/default/production/UART2.o
                  0x00037c                  __U2RXInterrupt
                  0x000384                  __U2TXInterrupt
 .isr.text        0x00038c         0x14 build/default/production/debouncer.o
                  0x00038c                  __T1Interrupt
 .isr.text        0x0003a0         0x2c build/default/production/pulse.o
                  0x0003a0                  __T2Interrupt
                  0x0003b6                  __T3Interrupt
 .isr             0x0003cc          0x4 default_isr
                  0x0003cc                  __DefaultInterrupt
 *(.libc)
 .libc            0x0003d0         0x12 d:/program files/microchip/xc16/v1.60/bin/bin/../../lib\liblega-pic30-elf.a(close.Leo)
                  0x0003d0                  _close
 .libc            0x0003e2         0x84 d:/program files/microchip/xc16/v1.60/bin/bin/../../lib\liblega-pic30-elf.a(write.Leo)
                  0x0003e2                  _write
 .libc            0x000466         0x12 d:/program files/microchip/xc16/v1.60/bin/bin/../../lib\liblega-pic30-elf.a(remove.Leo)
                  0x000466                  _remove
 .libc            0x000478         0x28 d:/program files/microchip/xc16/v1.60/bin/bin/../../lib\liblega-pic30-elf.a(sbrk.Leo)
                  0x000478                  _sbrk
 .libc            0x0004a0         0x1a d:/program files/microchip/xc16/v1.60/bin/bin/../../lib\liblega-pic30-elf.a(brk.Lelo)
                  0x0004a0                  _brk
 *(.libm)
 *(.libdsp)
 *(.lib*)
 .libpic30_crt_start_mode
                  0x0004ba          0x2 d:/program files/microchip/xc16/v1.60/bin/bin/../../lib\liblega-pic30-elf.a(crt_start_mode_normal.Leo)
                  0x0004ba                  __crt_start_mode
                  0x0004ba                  __crt_start_mode_normal
 .libm.divfs3     0x0004bc         0x84 d:/program files/microchip/xc16/v1.60/bin/bin/../../lib\libm-elf.a(divsf3.eo)
                  0x0004bc                  ___divsf3
 .libm.fixunssfsi
                  0x000540         0x36 d:/program files/microchip/xc16/v1.60/bin/bin/../../lib\libm-elf.a(fixunssfsi.eo)
                  0x000540                  ___fixunssfsi
 .libm.floatsisf
                  0x000576          0x6 d:/program files/microchip/xc16/v1.60/bin/bin/../../lib\libm-elf.a(floatsisf.eo)
                  0x000576                  ___floatsisf
 .libm.floatunsisf
                  0x00057c          0x4 d:/program files/microchip/xc16/v1.60/bin/bin/../../lib\libm-elf.a(floatunsisf.eo)
                  0x00057c                  ___floatunsisf
 .libm.fpack      0x000580         0x4c d:/program files/microchip/xc16/v1.60/bin/bin/../../lib\libm-elf.a(fpack.eo)
                  0x000580                  __fpack
 .libm.funpack    0x0005cc         0x2a d:/program files/microchip/xc16/v1.60/bin/bin/../../lib\libm-elf.a(funpack.eo)
                  0x0005cc                  __funpack
 .libm.funpack2
                  0x0005f6         0x10 d:/program files/microchip/xc16/v1.60/bin/bin/../../lib\libm-elf.a(funpack2.eo)
                  0x0005f6                  __funpack2
 .libm.fPropagateNaN
                  0x000606         0x12 d:/program files/microchip/xc16/v1.60/bin/bin/../../lib\libm-elf.a(futil.eo)
                  0x000606                  __fPropagateNaN
 .libm.fbobExit
                  0x000618          0x8 d:/program files/microchip/xc16/v1.60/bin/bin/../../lib\libm-elf.a(futil.eo)
                  0x000618                  __fbopExit
 .libm.fbopReturnNaN
                  0x000620          0x6 d:/program files/microchip/xc16/v1.60/bin/bin/../../lib\libm-elf.a(futil.eo)
                  0x000620                  __fbopReturnNaN
 .libm.mulsf3     0x000626         0x68 d:/program files/microchip/xc16/v1.60/bin/bin/../../lib\libm-elf.a(mulsf3.eo)
                  0x000626                  ___mulsf3
 .libm.powf       0x00068e        0x1c6 d:/program files/microchip/xc16/v1.60/bin/bin/../../lib\libm-elf.a(powf.eo)
                  0x00068e                  _powf
 .libm.udivsi3    0x000854         0x20 d:/program files/microchip/xc16/v1.60/bin/bin/../../lib\libm-elf.a(udivsi3.eo)
                  0x000854                  ___udivsi3
 .libm.frexpf     0x000874         0x1a d:/program files/microchip/xc16/v1.60/bin/bin/../../lib\libm-elf.a(_frexpf.eo)
                  0x000874                  __frexpf
 .libm.subsf3     0x00088e         0xbc d:/program files/microchip/xc16/v1.60/bin/bin/../../lib\libm-elf.a(addsf3.eo)
                  0x00088e                  ___subsf3
                  0x000890                  ___addsf3
 .libm.expf       0x00094a         0xc4 d:/program files/microchip/xc16/v1.60/bin/bin/../../lib\libm-elf.a(expf.eo)
                  0x00094a                  _expf
 .libm.fchop      0x000a0e         0x4e d:/program files/microchip/xc16/v1.60/bin/bin/../../lib\libm-elf.a(fchop.eo)
                  0x000a0e                  __fchop
 .libm.eqsf2      0x000a5c          0x4 d:/program files/microchip/xc16/v1.60/bin/bin/../../lib\libm-elf.a(feqltle.eo)
                  0x000a5c                  ___eqsf2
                  0x000a5c                  ___ltsf2
                  0x000a5c                  ___lesf2
 .libm.gtsf2      0x000a60          0x4 d:/program files/microchip/xc16/v1.60/bin/bin/../../lib\libm-elf.a(fgtge.eo)
                  0x000a60                  ___gesf2
                  0x000a60                  ___gtsf2
 .libm.fixsfsi    0x000a64         0x42 d:/program files/microchip/xc16/v1.60/bin/bin/../../lib\libm-elf.a(fixsfsi.eo)
                  0x000a64                  _(float, int, long long, short, float, short, int)
 .libm.floatdisf
                  0x000aa6         0x20 d:/program files/microchip/xc16/v1.60/bin/bin/../../lib\libm-elf.a(floatdisf.eo)
                  0x000aa6                  ___floatdisf
 .libm.floatundisf
                  0x000ac6         0x5e d:/program files/microchip/xc16/v1.60/bin/bin/../../lib\libm-elf.a(floatundisf.eo)
                  0x000ac6                  ___floatundisf
 .libm.ldexpf     0x000b24         0x44 d:/program files/microchip/xc16/v1.60/bin/bin/../../lib\libm-elf.a(ldexpf.eo)
                  0x000b24                  _ldexpf
 .libm.logf       0x000b68         0xae d:/program files/microchip/xc16/v1.60/bin/bin/../../lib\libm-elf.a(logf.eo)
                  0x000b68                  _logf
 .libm.fcompare
                  0x000c16         0x36 d:/program files/microchip/xc16/v1.60/bin/bin/../../lib\libm-elf.a(fcompare.eo)
                  0x000c16                  __fcompare
 .libc.strlen     0x000c4c          0xc d:/program files/microchip/xc16/v1.60/bin/bin/../../lib\liblega-c-elf.a(strlen.XX_eo)
                  0x000c4c                  _strlen
 .libc.eprout     0x000c58         0x1a d:/program files/microchip/xc16/v1.60/bin/bin/../../lib\liblega-c-elf.a(sprintf_fF.XXeo)
                  0x000c58                  sprintf_fF.XXeo:_eprout
 .libc.prout      0x000c72          0xe d:/program files/microchip/xc16/v1.60/bin/bin/../../lib\liblega-c-elf.a(sprintf_fF.XXeo)
                  0x000c72                  sprintf_fF.XXeo:_prout
 .libc._sprintf_fF
                  0x000c80         0x20 d:/program files/microchip/xc16/v1.60/bin/bin/../../lib\liblega-c-elf.a(sprintf_fF.XXeo)
                  0x000c80                  __sprintf_fF
 .libc.eprout     0x000ca0         0x1e d:/program files/microchip/xc16/v1.60/bin/bin/../../lib\liblega-c-elf.a(xprintf_fF.XXeo)
                  0x000ca0                  xprintf_fF.XXeo:_eprout
 .libc.__ePrintf_fF
                  0x000cbe        0x176 d:/program files/microchip/xc16/v1.60/bin/bin/../../lib\liblega-c-elf.a(xprintf_fF.XXeo)
                  0x000cbe                  ___ePrintf_fF
 .libc.__Printf_fF
                  0x000e34          0xa d:/program files/microchip/xc16/v1.60/bin/bin/../../lib\liblega-c-elf.a(xprintf_fF.XXeo)
                  0x000e34                  ___Printf_fF
 .libc.__Putfld_fF
                  0x000e3e         0xa4 d:/program files/microchip/xc16/v1.60/bin/bin/../../lib\liblega-c-elf.a(xputfld_fF.XXeo)
                  0x000e3e                  ___Putfld_fF
 .libc.__Ldtob_fF
                  0x000ee2        0x250 d:/program files/microchip/xc16/v1.60/bin/bin/../../lib\liblega-c-elf.a(xldtob_fF.XXeo)
                  0x000ee2                  ___Ldtob_fF
 .libc.__Genld_fF
                  0x001132        0x208 d:/program files/microchip/xc16/v1.60/bin/bin/../../lib\liblega-c-elf.a(xgenld_fF.XXeo)
                  0x001132                  ___Genld_fF
 .libc.div        0x00133a         0x16 d:/program files/microchip/xc16/v1.60/bin/bin/../../lib\liblega-c-elf.a(div.XX_eo)
                  0x00133a                  _div
 .libc.ldiv       0x001350         0x2a d:/program files/microchip/xc16/v1.60/bin/bin/../../lib\liblega-c-elf.a(ldiv.XX_eo)
                  0x001350                  _ldiv
 .libc.memcpy     0x00137a          0xe d:/program files/microchip/xc16/v1.60/bin/bin/../../lib\liblega-c-elf.a(memcpy.XX_eo)
                  0x00137a                  _memcpy
 .libc.strchr     0x001388         0x18 d:/program files/microchip/xc16/v1.60/bin/bin/../../lib\liblega-c-elf.a(strchr.XX_eo)
                  0x001388                  _strchr
 .libc._LDunscale
                  0x0013a0         0x54 d:/program files/microchip/xc16/v1.60/bin/bin/../../lib\liblega-c-elf.a(xldunsca.XX_eo)
                  0x0013a0                  __LDunscale
 .libc._Puttxt    0x0013f4        0x1b4 d:/program files/microchip/xc16/v1.60/bin/bin/../../lib\liblega-c-elf.a(xputtxt.XX_eo)
                  0x0013f4                  __Puttxt
 .libc._Vacopy    0x0015a8          0x4 d:/program files/microchip/xc16/v1.60/bin/bin/../../lib\liblega-c-elf.a(xvacopy.XX_eo)
                  0x0015a8                  __Vacopy
 .libc.efwrite    0x0015ac         0xd8 d:/program files/microchip/xc16/v1.60/bin/bin/../../lib\liblega-c-elf.a(efwrite.XX_eo)
                  0x0015ac                  _efwrite
 .libc._DNKfflush
                  0x001684         0x76 d:/program files/microchip/xc16/v1.60/bin/bin/../../lib\liblega-c-elf.a(fflush.XX_elo)
                  0x001684                  __DNKfflush
 .libc._Dnorm     0x0016fa         0x98 d:/program files/microchip/xc16/v1.60/bin/bin/../../lib\liblega-c-elf.a(xdnorm.XX_elo)
                  0x0016fa                  __Dnorm
 .libc._Fwprep    0x001792         0x8e d:/program files/microchip/xc16/v1.60/bin/bin/../../lib\liblega-c-elf.a(xfwprep.XX_eo)
                  0x001792                  __Fwprep
 .libc.closeallreg
                  0x001820          0x4 d:/program files/microchip/xc16/v1.60/bin/bin/../../lib\liblega-c-elf.a(fclose.XX_elo)
 .libc._Closreg
                  0x001824         0x12 d:/program files/microchip/xc16/v1.60/bin/bin/../../lib\liblega-c-elf.a(fclose.XX_elo)
                  0x001824                  __Closreg
 .libc.fclose     0x001836         0x90 d:/program files/microchip/xc16/v1.60/bin/bin/../../lib\liblega-c-elf.a(fclose.XX_elo)
                  0x001836                  _fclose
 .libc.closeall
                  0x0018c6         0x20 d:/program files/microchip/xc16/v1.60/bin/bin/../../lib\liblega-c-elf.a(fclose.XX_elo)
                  0x0018c6                  fclose.XX_elo:_closeall
 .libc._Atexit    0x0018e6         0x18 d:/program files/microchip/xc16/v1.60/bin/bin/../../lib\liblega-c-elf.a(xatexit.XX_elo)
                  0x0018e6                  __Atexit
 .libc.free       0x0018fe         0x64 d:/program files/microchip/xc16/v1.60/bin/bin/../../lib\liblega-c-elf.a(free.XX_eo)
                  0x0018fe                  _free
 .libc.findmem    0x001962         0x66 d:/program files/microchip/xc16/v1.60/bin/bin/../../lib\liblega-c-elf.a(malloc.XX_eo)
 .libc.malloc     0x0019c8         0x54 d:/program files/microchip/xc16/v1.60/bin/bin/../../lib\liblega-c-elf.a(malloc.XX_eo)
                  0x0019c8                  _malloc
 .libc._Getmem    0x001a1c         0x14 d:/program files/microchip/xc16/v1.60/bin/bin/../../lib\liblega-c-elf.a(xgetmem.XX_eo)
                  0x001a1c                  __Getmem
 .libc.doclose    0x001a30          0x4 d:/program files/microchip/xc16/v1.60/bin/bin/../../lib\liblega-pic30-elf.a(close.Leo)
 .libc.dowrite    0x001a34          0x4 d:/program files/microchip/xc16/v1.60/bin/bin/../../lib\liblega-pic30-elf.a(write.Leo)
 .libc.doremove
                  0x001a38          0x4 d:/program files/microchip/xc16/v1.60/bin/bin/../../lib\liblega-pic30-elf.a(remove.Leo)
 .libc.memcpy_eds
                  0x001a3c         0x3a d:/program files/microchip/xc16/v1.60/bin/bin/../../lib\liblega-pic30-elf.a(memcpy_eds.Leo)
                  0x001a3c                  __memcpy_eds_3
                  0x001a3c                  __memcpy_eds
 .libc._memchr_eds
                  0x001a76         0x36 d:/program files/microchip/xc16/v1.60/bin/bin/../../lib\liblega-pic30-elf.a(memchr_eds.Leo)
                  0x001a76                  __memchr_eds
 .libm.eqdf2      0x001aac          0xa d:/program files/microchip/xc16/v1.60/bin/bin/../../lib\libm-elf.a(deqltle.eo)
                  0x001aac                  ___eqdf2
                  0x001aac                  ___ltdf2
                  0x001aac                  ___ledf2
 .libm.gtdf2      0x001ab6          0xa d:/program files/microchip/xc16/v1.60/bin/bin/../../lib\libm-elf.a(dgtge.eo)
                  0x001ab6                  ___gtdf2
                  0x001ab6                  ___gedf2
 .libm.divdf3     0x001ac0         0xb4 d:/program files/microchip/xc16/v1.60/bin/bin/../../lib\libm-elf.a(divdf3.eo)
                  0x001ac0                  ___divdf3
 .libm.divsi3     0x001b74         0x1e d:/program files/microchip/xc16/v1.60/bin/bin/../../lib\libm-elf.a(divsi3.eo)
                  0x001b74                  ___divsi3
 .libm.dpack      0x001b92         0x58 d:/program files/microchip/xc16/v1.60/bin/bin/../../lib\libm-elf.a(dpack.eo)
                  0x001b92                  __dpack
 .libm.dunpack2
                  0x001bea         0x32 d:/program files/microchip/xc16/v1.60/bin/bin/../../lib\libm-elf.a(dunpack2.eo)
                  0x001bea                  __dunpack2
                  0x001c0c                  __dreturnNaN
                  0x001c12                  __dunpack2exit
 .libm.extendsfdf2
                  0x001c1c         0x3e d:/program files/microchip/xc16/v1.60/bin/bin/../../lib\libm-elf.a(extendsfdf.eo)
                  0x001c1c                  ___extendsfdf2
 .libm.fixdfsi    0x001c5a         0x58 d:/program files/microchip/xc16/v1.60/bin/bin/../../lib\libm-elf.a(fixdfsi.eo)
                  0x001c5a                  _(float, int, long long, double, float, short, int)
 .libm.floatsidf
                  0x001cb2          0x6 d:/program files/microchip/xc16/v1.60/bin/bin/../../lib\libm-elf.a(floatsidf.eo)
                  0x001cb2                  ___floatsidf
 .libm.muldf3     0x001cb8         0xec d:/program files/microchip/xc16/v1.60/bin/bin/../../lib\libm-elf.a(muldf3.eo)
                  0x001cb8                  ___muldf3
 .libm.subdf3     0x001da4          0x4 d:/program files/microchip/xc16/v1.60/bin/bin/../../lib\libm-elf.a(subdf3.eo)
                  0x001da4                  ___subdf3
 .libm.mulsi3     0x001da8          0xc d:/program files/microchip/xc16/v1.60/bin/bin/../../lib\libm-elf.a(mulsi3.eo)
                  0x001da8                  ___mulp32peds3
                  0x001da8                  ___mulsi3
                  0x001da8                  ___mulp32eds3
 .libm.adddf3     0x001db4         0xfc d:/program files/microchip/xc16/v1.60/bin/bin/../../lib\libm-elf.a(adddf3.eo)
                  0x001db4                  ___adddf3
 .libm.dcompare
                  0x001eb0         0x52 d:/program files/microchip/xc16/v1.60/bin/bin/../../lib\libm-elf.a(dcompare.eo)
                  0x001eb0                  __dcompare
 .libm.dPropagateNaN
                  0x001f02         0x1c d:/program files/microchip/xc16/v1.60/bin/bin/../../lib\libm-elf.a(dpropagateNaN.eo)
                  0x001f02                  __dPropagateNaN
 .libm.dtype      0x001f1e         0x24 d:/program files/microchip/xc16/v1.60/bin/bin/../../lib\libm-elf.a(dtype.eo)
                  0x001f1e                  __dtype
 .libm.dunpack    0x001f42         0x4e d:/program files/microchip/xc16/v1.60/bin/bin/../../lib\libm-elf.a(dunpack.eo)
                  0x001f42                  __dunpack
 .libm.floatdidf
                  0x001f90         0x20 d:/program files/microchip/xc16/v1.60/bin/bin/../../lib\libm-elf.a(floatdidf.eo)
                  0x001f90                  ___floatdidf
 .libm.floatundidf
                  0x001fb0         0x56 d:/program files/microchip/xc16/v1.60/bin/bin/../../lib\libm-elf.a(floatundidf.eo)
                  0x001fb0                  ___floatundidf

usercode
 *(usercode)

__FBS
 *(__FBS.sec*)

__FGS
 *(__FGS.sec*)

__FOSCSEL
 *(__FOSCSEL.sec*)

__FOSC
 *(__FOSC.sec*)

__FWDT
 *(__FWDT.sec*)

__FPOR
 *(__FPOR.sec*)

__FICD
 *(__FICD.sec*)

__FDS
 *(__FDS.sec*)

.comment          0x000000         0x5e
 *(.comment)
 .comment         0x000000         0x5e d:/program files/microchip/xc16/v1.60/bin/bin/../../lib\liblega-c-elf.a(xfiles.XX_elo)

.debug_info       0x000000       0x3cbf
 *(.debug_info)
 .debug_info      0x000000        0xade build/default/production/ADC.o
 .debug_info      0x000ade        0x552 build/default/production/ChangeClk.o
 .debug_info      0x001030        0xb80 build/default/production/IOs.o
 .debug_info      0x001bb0        0xe78 build/default/production/UART2.o
 .debug_info      0x002a28        0x530 build/default/production/debouncer.o
 .debug_info      0x002f58        0x154 build/default/production/main.o
 .debug_info      0x0030ac        0xc13 build/default/production/pulse.o
 *(.gnu.linkonce.wi.*)

.debug_abbrev     0x000000        0x678
 *(.debug_abbrev)
 .debug_abbrev    0x000000        0x13f build/default/production/ADC.o
 .debug_abbrev    0x00013f        0x123 build/default/production/ChangeClk.o
 .debug_abbrev    0x000262         0xe1 build/default/production/IOs.o
 .debug_abbrev    0x000343        0x114 build/default/production/UART2.o
 .debug_abbrev    0x000457         0xc5 build/default/production/debouncer.o
 .debug_abbrev    0x00051c         0x36 build/default/production/main.o
 .debug_abbrev    0x000552        0x126 build/default/production/pulse.o

.debug_line       0x000000        0x7ce
 *(.debug_line)
 .debug_line      0x000000        0x14f build/default/production/ADC.o
 .debug_line      0x00014f        0x11b build/default/production/ChangeClk.o
 .debug_line      0x00026a        0x13c build/default/production/IOs.o
 .debug_line      0x0003a6        0x183 build/default/production/UART2.o
 .debug_line      0x000529        0x126 build/default/production/debouncer.o
 .debug_line      0x00064f         0x3a build/default/production/main.o
 .debug_line      0x000689        0x145 build/default/production/pulse.o

.debug_frame      0x000000        0x368
 *(.debug_frame)
 .debug_frame     0x000000         0xb8 build/default/production/ADC.o
 .debug_frame     0x0000b8         0x2e build/default/production/ChangeClk.o
 .debug_frame     0x0000e6         0x6c build/default/production/IOs.o
 .debug_frame     0x000152         0xec build/default/production/UART2.o
 .debug_frame     0x00023e         0x52 build/default/production/debouncer.o
 .debug_frame     0x000290         0x2e build/default/production/main.o
 .debug_frame     0x0002be         0xaa build/default/production/pulse.o

.debug_str        0x000000        0x186
 *(.debug_str)
 .debug_str       0x000000         0x50 build/default/production/ADC.o
 .debug_str       0x000050         0x16 build/default/production/ChangeClk.o
 .debug_str       0x000066         0x62 build/default/production/IOs.o
 .debug_str       0x0000c8         0x4e build/default/production/UART2.o
 .debug_str       0x000116         0x1c build/default/production/debouncer.o
 .debug_str       0x000132         0x54 build/default/production/pulse.o

.debug_loc
 *(.debug_loc)

.debug_macinfo
 *(.debug_macinfo)

.debug_pubnames
                  0x000000        0x1fa
 *(.debug_pubnames)
 .debug_pubnames
                  0x000000         0x64 build/default/production/ADC.o
 .debug_pubnames
                  0x000064         0x1d build/default/production/ChangeClk.o
 .debug_pubnames
                  0x000081         0x2e build/default/production/IOs.o
 .debug_pubnames
                  0x0000af         0x98 build/default/production/UART2.o
 .debug_pubnames
                  0x000147         0x2e build/default/production/debouncer.o
 .debug_pubnames
                  0x000175         0x1b build/default/production/main.o
 .debug_pubnames
                  0x000190         0x6a build/default/production/pulse.o

.debug_ranges
 *(.debug_ranges)

.debug_aranges    0x000000         0xa8
 *(.debug_aranges)
 .debug_aranges
                  0x000000         0x18 build/default/production/ADC.o
 .debug_aranges
                  0x000018         0x18 build/default/production/ChangeClk.o
 .debug_aranges
                  0x000030         0x18 build/default/production/IOs.o
 .debug_aranges
                  0x000048         0x18 build/default/production/UART2.o
 .debug_aranges
                  0x000060         0x18 build/default/production/debouncer.o
 .debug_aranges
                  0x000078         0x18 build/default/production/main.o
 .debug_aranges
                  0x000090         0x18 build/default/production/pulse.o
                    0x0000                  WREG0 = 0x0
                    0x0000                  _WREG0 = 0x0
                    0x0002                  WREG1 = 0x2
                    0x0002                  _WREG1 = 0x2
                    0x0004                  WREG2 = 0x4
                    0x0004                  _WREG2 = 0x4
                    0x0006                  WREG3 = 0x6
                    0x0006                  _WREG3 = 0x6
                    0x0008                  WREG4 = 0x8
                    0x0008                  _WREG4 = 0x8
                    0x000a                  WREG5 = 0xa
                    0x000a                  _WREG5 = 0xa
                    0x000c                  WREG6 = 0xc
                    0x000c                  _WREG6 = 0xc
                    0x000e                  WREG7 = 0xe
                    0x000e                  _WREG7 = 0xe
                    0x0010                  WREG8 = 0x10
                    0x0010                  _WREG8 = 0x10
                    0x0012                  WREG9 = 0x12
                    0x0012                  _WREG9 = 0x12
                    0x0014                  WREG10 = 0x14
                    0x0014                  _WREG10 = 0x14
                    0x0016                  WREG11 = 0x16
                    0x0016                  _WREG11 = 0x16
                    0x0018                  WREG12 = 0x18
                    0x0018                  _WREG12 = 0x18
                    0x001a                  WREG13 = 0x1a
                    0x001a                  _WREG13 = 0x1a
                    0x001c                  WREG14 = 0x1c
                    0x001c                  _WREG14 = 0x1c
                    0x001e                  WREG15 = 0x1e
                    0x001e                  _WREG15 = 0x1e
                    0x0020                  SPLIM = 0x20
                    0x0020                  _SPLIM = 0x20
                    0x002e                  PCL = 0x2e
                    0x002e                  _PCL = 0x2e
                    0x0030                  PCH = 0x30
                    0x0030                  _PCH = 0x30
                    0x0032                  TBLPAG = 0x32
                    0x0032                  _TBLPAG = 0x32
                    0x0034                  PSVPAG = 0x34
                    0x0034                  _PSVPAG = 0x34
                    0x0036                  RCOUNT = 0x36
                    0x0036                  _RCOUNT = 0x36
                    0x0042                  SR = 0x42
                    0x0042                  _SR = 0x42
                    0x0042                  _SRbits = 0x42
                    0x0044                  CORCON = 0x44
                    0x0044                  _CORCON = 0x44
                    0x0044                  _CORCONbits = 0x44
                    0x0052                  DISICNT = 0x52
                    0x0052                  _DISICNT = 0x52
                    0x0060                  CNEN1 = 0x60
                    0x0060                  _CNEN1 = 0x60
                    0x0060                  _CNEN1bits = 0x60
                    0x0062                  CNEN2 = 0x62
                    0x0062                  _CNEN2 = 0x62
                    0x0062                  _CNEN2bits = 0x62
                    0x0068                  CNPU1 = 0x68
                    0x0068                  _CNPU1 = 0x68
                    0x0068                  _CNPU1bits = 0x68
                    0x006a                  CNPU2 = 0x6a
                    0x006a                  _CNPU2 = 0x6a
                    0x006a                  _CNPU2bits = 0x6a
                    0x0070                  CNPD1 = 0x70
                    0x0070                  _CNPD1 = 0x70
                    0x0070                  _CNPD1bits = 0x70
                    0x0072                  CNPD2 = 0x72
                    0x0072                  _CNPD2 = 0x72
                    0x0072                  _CNPD2bits = 0x72
                    0x0080                  INTCON1 = 0x80
                    0x0080                  _INTCON1 = 0x80
                    0x0080                  _INTCON1bits = 0x80
                    0x0082                  INTCON2 = 0x82
                    0x0082                  _INTCON2 = 0x82
                    0x0082                  _INTCON2bits = 0x82
                    0x0084                  IFS0 = 0x84
                    0x0084                  _IFS0 = 0x84
                    0x0084                  _IFS0bits = 0x84
                    0x0086                  IFS1 = 0x86
                    0x0086                  _IFS1 = 0x86
                    0x0086                  _IFS1bits = 0x86
                    0x008a                  IFS3 = 0x8a
                    0x008a                  _IFS3 = 0x8a
                    0x008a                  _IFS3bits = 0x8a
                    0x008c                  IFS4 = 0x8c
                    0x008c                  _IFS4 = 0x8c
                    0x008c                  _IFS4bits = 0x8c
                    0x0094                  IEC0 = 0x94
                    0x0094                  _IEC0 = 0x94
                    0x0094                  _IEC0bits = 0x94
                    0x0096                  IEC1 = 0x96
                    0x0096                  _IEC1 = 0x96
                    0x0096                  _IEC1bits = 0x96
                    0x009a                  IEC3 = 0x9a
                    0x009a                  _IEC3 = 0x9a
                    0x009a                  _IEC3bits = 0x9a
                    0x009c                  IEC4 = 0x9c
                    0x009c                  _IEC4 = 0x9c
                    0x009c                  _IEC4bits = 0x9c
                    0x00a4                  IPC0 = 0xa4
                    0x00a4                  _IPC0 = 0xa4
                    0x00a4                  _IPC0bits = 0xa4
                    0x00a6                  IPC1 = 0xa6
                    0x00a6                  _IPC1 = 0xa6
                    0x00a6                  _IPC1bits = 0xa6
                    0x00a8                  IPC2 = 0xa8
                    0x00a8                  _IPC2 = 0xa8
                    0x00a8                  _IPC2bits = 0xa8
                    0x00aa                  IPC3 = 0xaa
                    0x00aa                  _IPC3 = 0xaa
                    0x00aa                  _IPC3bits = 0xaa
                    0x00ac                  IPC4 = 0xac
                    0x00ac                  _IPC4 = 0xac
                    0x00ac                  _IPC4bits = 0xac
                    0x00ae                  IPC5 = 0xae
                    0x00ae                  _IPC5 = 0xae
                    0x00ae                  _IPC5bits = 0xae
                    0x00b2                  IPC7 = 0xb2
                    0x00b2                  _IPC7 = 0xb2
                    0x00b2                  _IPC7bits = 0xb2
                    0x00c2                  IPC15 = 0xc2
                    0x00c2                  _IPC15 = 0xc2
                    0x00c2                  _IPC15bits = 0xc2
                    0x00c4                  IPC16 = 0xc4
                    0x00c4                  _IPC16 = 0xc4
                    0x00c4                  _IPC16bits = 0xc4
                    0x00c8                  IPC18 = 0xc8
                    0x00c8                  _IPC18 = 0xc8
                    0x00c8                  _IPC18bits = 0xc8
                    0x00ca                  IPC19 = 0xca
                    0x00ca                  _IPC19 = 0xca
                    0x00ca                  _IPC19bits = 0xca
                    0x00e0                  INTTREG = 0xe0
                    0x00e0                  _INTTREG = 0xe0
                    0x00e0                  _INTTREGbits = 0xe0
                    0x0100                  TMR1 = 0x100
                    0x0100                  _TMR1 = 0x100
                    0x0102                  PR1 = 0x102
                    0x0102                  _PR1 = 0x102
                    0x0104                  T1CON = 0x104
                    0x0104                  _T1CON = 0x104
                    0x0104                  _T1CONbits = 0x104
                    0x0106                  TMR2 = 0x106
                    0x0106                  _TMR2 = 0x106
                    0x0108                  TMR3HLD = 0x108
                    0x0108                  _TMR3HLD = 0x108
                    0x010a                  TMR3 = 0x10a
                    0x010a                  _TMR3 = 0x10a
                    0x010c                  PR2 = 0x10c
                    0x010c                  _PR2 = 0x10c
                    0x010e                  PR3 = 0x10e
                    0x010e                  _PR3 = 0x10e
                    0x0110                  T2CON = 0x110
                    0x0110                  _T2CON = 0x110
                    0x0110                  _T2CONbits = 0x110
                    0x0112                  T3CON = 0x112
                    0x0112                  _T3CON = 0x112
                    0x0112                  _T3CONbits = 0x112
                    0x0140                  IC1BUF = 0x140
                    0x0140                  _IC1BUF = 0x140
                    0x0142                  IC1CON = 0x142
                    0x0142                  _IC1CON = 0x142
                    0x0142                  _IC1CONbits = 0x142
                    0x0180                  OC1RS = 0x180
                    0x0180                  _OC1RS = 0x180
                    0x0182                  OC1R = 0x182
                    0x0182                  _OC1R = 0x182
                    0x0184                  OC1CON = 0x184
                    0x0184                  _OC1CON = 0x184
                    0x0184                  _OC1CONbits = 0x184
                    0x0200                  I2C1RCV = 0x200
                    0x0200                  _I2C1RCV = 0x200
                    0x0202                  I2C1TRN = 0x202
                    0x0202                  _I2C1TRN = 0x202
                    0x0204                  I2C1BRG = 0x204
                    0x0204                  _I2C1BRG = 0x204
                    0x0206                  I2C1CON = 0x206
                    0x0206                  _I2C1CON = 0x206
                    0x0206                  _I2C1CONbits = 0x206
                    0x0208                  I2C1STAT = 0x208
                    0x0208                  _I2C1STAT = 0x208
                    0x0208                  _I2C1STATbits = 0x208
                    0x020a                  I2C1ADD = 0x20a
                    0x020a                  _I2C1ADD = 0x20a
                    0x020c                  I2C1MSK = 0x20c
                    0x020c                  _I2C1MSK = 0x20c
                    0x020c                  _I2C1MSKbits = 0x20c
                    0x0220                  U1MODE = 0x220
                    0x0220                  _U1MODE = 0x220
                    0x0220                  _U1MODEbits = 0x220
                    0x0222                  U1STA = 0x222
                    0x0222                  _U1STA = 0x222
                    0x0222                  _U1STAbits = 0x222
                    0x0224                  U1TXREG = 0x224
                    0x0224                  _U1TXREG = 0x224
                    0x0226                  U1RXREG = 0x226
                    0x0226                  _U1RXREG = 0x226
                    0x0228                  U1BRG = 0x228
                    0x0228                  _U1BRG = 0x228
                    0x0230                  U2MODE = 0x230
                    0x0230                  _U2MODE = 0x230
                    0x0230                  _U2MODEbits = 0x230
                    0x0232                  U2STA = 0x232
                    0x0232                  _U2STA = 0x232
                    0x0232                  _U2STAbits = 0x232
                    0x0234                  U2TXREG = 0x234
                    0x0234                  _U2TXREG = 0x234
                    0x0236                  U2RXREG = 0x236
                    0x0236                  _U2RXREG = 0x236
                    0x0238                  U2BRG = 0x238
                    0x0238                  _U2BRG = 0x238
                    0x0240                  SPI1STAT = 0x240
                    0x0240                  _SPI1STAT = 0x240
                    0x0240                  _SPI1STATbits = 0x240
                    0x0242                  SPI1CON1 = 0x242
                    0x0242                  _SPI1CON1 = 0x242
                    0x0242                  _SPI1CON1bits = 0x242
                    0x0244                  SPI1CON2 = 0x244
                    0x0244                  _SPI1CON2 = 0x244
                    0x0244                  _SPI1CON2bits = 0x244
                    0x0248                  SPI1BUF = 0x248
                    0x0248                  _SPI1BUF = 0x248
                    0x02c0                  TRISA = 0x2c0
                    0x02c0                  _TRISA = 0x2c0
                    0x02c0                  _TRISAbits = 0x2c0
                    0x02c2                  PORTA = 0x2c2
                    0x02c2                  _PORTA = 0x2c2
                    0x02c2                  _PORTAbits = 0x2c2
                    0x02c4                  LATA = 0x2c4
                    0x02c4                  _LATA = 0x2c4
                    0x02c4                  _LATAbits = 0x2c4
                    0x02c6                  ODCA = 0x2c6
                    0x02c6                  _ODCA = 0x2c6
                    0x02c6                  _ODCAbits = 0x2c6
                    0x02c8                  TRISB = 0x2c8
                    0x02c8                  _TRISB = 0x2c8
                    0x02c8                  _TRISBbits = 0x2c8
                    0x02ca                  PORTB = 0x2ca
                    0x02ca                  _PORTB = 0x2ca
                    0x02ca                  _PORTBbits = 0x2ca
                    0x02cc                  LATB = 0x2cc
                    0x02cc                  _LATB = 0x2cc
                    0x02cc                  _LATBbits = 0x2cc
                    0x02ce                  ODCB = 0x2ce
                    0x02ce                  _ODCB = 0x2ce
                    0x02ce                  _ODCBbits = 0x2ce
                    0x02fc                  PADCFG1 = 0x2fc
                    0x02fc                  _PADCFG1 = 0x2fc
                    0x02fc                  _PADCFG1bits = 0x2fc
                    0x0300                  ADC1BUF0 = 0x300
                    0x0300                  _ADC1BUF0 = 0x300
                    0x0302                  ADC1BUF1 = 0x302
                    0x0302                  _ADC1BUF1 = 0x302
                    0x0304                  ADC1BUF2 = 0x304
                    0x0304                  _ADC1BUF2 = 0x304
                    0x0306                  ADC1BUF3 = 0x306
                    0x0306                  _ADC1BUF3 = 0x306
                    0x0308                  ADC1BUF4 = 0x308
                    0x0308                  _ADC1BUF4 = 0x308
                    0x030a                  ADC1BUF5 = 0x30a
                    0x030a                  _ADC1BUF5 = 0x30a
                    0x030c                  ADC1BUF6 = 0x30c
                    0x030c                  _ADC1BUF6 = 0x30c
                    0x030e                  ADC1BUF7 = 0x30e
                    0x030e                  _ADC1BUF7 = 0x30e
                    0x0310                  ADC1BUF8 = 0x310
                    0x0310                  _ADC1BUF8 = 0x310
                    0x0312                  ADC1BUF9 = 0x312
                    0x0312                  _ADC1BUF9 = 0x312
                    0x0314                  ADC1BUFA = 0x314
                    0x0314                  _ADC1BUFA = 0x314
                    0x0316                  ADC1BUFB = 0x316
                    0x0316                  _ADC1BUFB = 0x316
                    0x0318                  ADC1BUFC = 0x318
                    0x0318                  _ADC1BUFC = 0x318
                    0x031a                  ADC1BUFD = 0x31a
                    0x031a                  _ADC1BUFD = 0x31a
                    0x031c                  ADC1BUFE = 0x31c
                    0x031c                  _ADC1BUFE = 0x31c
                    0x031e                  ADC1BUFF = 0x31e
                    0x031e                  _ADC1BUFF = 0x31e
                    0x0320                  AD1CON1 = 0x320
                    0x0320                  _AD1CON1 = 0x320
                    0x0320                  _AD1CON1bits = 0x320
                    0x0322                  AD1CON2 = 0x322
                    0x0322                  _AD1CON2 = 0x322
                    0x0322                  _AD1CON2bits = 0x322
                    0x0324                  AD1CON3 = 0x324
                    0x0324                  _AD1CON3 = 0x324
                    0x0324                  _AD1CON3bits = 0x324
                    0x0328                  AD1CHS = 0x328
                    0x0328                  _AD1CHS = 0x328
                    0x0328                  _AD1CHSbits = 0x328
                    0x032c                  AD1PCFG = 0x32c
                    0x032c                  _AD1PCFG = 0x32c
                    0x032c                  _AD1PCFGbits = 0x32c
                    0x0330                  AD1CSSL = 0x330
                    0x0330                  _AD1CSSL = 0x330
                    0x0330                  _AD1CSSLbits = 0x330
                    0x033c                  CTMUCON = 0x33c
                    0x033c                  _CTMUCON = 0x33c
                    0x033c                  _CTMUCONbits = 0x33c
                    0x033e                  CTMUICON = 0x33e
                    0x033e                  _CTMUICON = 0x33e
                    0x033e                  _CTMUICONbits = 0x33e
                    0x0620                  ALRMVAL = 0x620
                    0x0620                  _ALRMVAL = 0x620
                    0x0622                  ALCFGRPT = 0x622
                    0x0622                  _ALCFGRPT = 0x622
                    0x0622                  _ALCFGRPTbits = 0x622
                    0x0624                  RTCVAL = 0x624
                    0x0624                  _RTCVAL = 0x624
                    0x0626                  RCFGCAL = 0x626
                    0x0626                  _RCFGCAL = 0x626
                    0x0626                  _RCFGCALbits = 0x626
                    0x0630                  CMSTAT = 0x630
                    0x0630                  _CMSTAT = 0x630
                    0x0630                  _CMSTATbits = 0x630
                    0x0632                  CVRCON = 0x632
                    0x0632                  _CVRCON = 0x632
                    0x0632                  _CVRCONbits = 0x632
                    0x0634                  CM1CON = 0x634
                    0x0634                  _CM1CON = 0x634
                    0x0634                  _CM1CONbits = 0x634
                    0x0636                  CM2CON = 0x636
                    0x0636                  _CM2CON = 0x636
                    0x0636                  _CM2CONbits = 0x636
                    0x0640                  CRCCON = 0x640
                    0x0640                  _CRCCON = 0x640
                    0x0640                  _CRCCONbits = 0x640
                    0x0642                  CRCXOR = 0x642
                    0x0642                  _CRCXOR = 0x642
                    0x0644                  CRCDAT = 0x644
                    0x0644                  _CRCDAT = 0x644
                    0x0646                  CRCWDAT = 0x646
                    0x0646                  _CRCWDAT = 0x646
                    0x0740                  RCON = 0x740
                    0x0740                  _RCON = 0x740
                    0x0740                  _RCONbits = 0x740
                    0x0742                  OSCCON = 0x742
                    0x0742                  _OSCCON = 0x742
                    0x0742                  _OSCCONbits = 0x742
                    0x0742                  OSCCONL = 0x742
                    0x0742                  _OSCCONL = 0x742
                    0x0743                  OSCCONH = 0x743
                    0x0743                  _OSCCONH = 0x743
                    0x0744                  CLKDIV = 0x744
                    0x0744                  _CLKDIV = 0x744
                    0x0744                  _CLKDIVbits = 0x744
                    0x0748                  OSCTUN = 0x748
                    0x0748                  _OSCTUN = 0x748
                    0x0748                  _OSCTUNbits = 0x748
                    0x074e                  REFOCON = 0x74e
                    0x074e                  _REFOCON = 0x74e
                    0x074e                  _REFOCONbits = 0x74e
                    0x0756                  HLVDCON = 0x756
                    0x0756                  _HLVDCON = 0x756
                    0x0756                  _HLVDCONbits = 0x756
                    0x0758                  DSCON = 0x758
                    0x0758                  _DSCON = 0x758
                    0x0758                  _DSCONbits = 0x758
                    0x075a                  DSWAKE = 0x75a
                    0x075a                  _DSWAKE = 0x75a
                    0x075a                  _DSWAKEbits = 0x75a
                    0x075a                  DSWSRC = 0x75a
                    0x075a                  _DSWSRC = 0x75a
                    0x075a                  _DSWSRCbits = 0x75a
                    0x075c                  DSGPR0 = 0x75c
                    0x075c                  _DSGPR0 = 0x75c
                    0x075e                  DSGPR1 = 0x75e
                    0x075e                  _DSGPR1 = 0x75e
                    0x0760                  NVMCON = 0x760
                    0x0760                  _NVMCON = 0x760
                    0x0760                  _NVMCONbits = 0x760
                    0x0766                  NVMKEY = 0x766
                    0x0766                  _NVMKEY = 0x766
                    0x0766                  _NVMKEYbits = 0x766
                    0x0770                  PMD1 = 0x770
                    0x0770                  _PMD1 = 0x770
                    0x0770                  _PMD1bits = 0x770
                    0x0772                  PMD2 = 0x772
                    0x0772                  _PMD2 = 0x772
                    0x0772                  _PMD2bits = 0x772
                    0x0774                  PMD3 = 0x774
                    0x0774                  _PMD3 = 0x774
                    0x0774                  _PMD3bits = 0x774
                    0x0776                  PMD4 = 0x776
                    0x0776                  _PMD4 = 0x776
                    0x0776                  _PMD4bits = 0x776
                    0x0140                  IC1 = 0x140
                    0x0140                  _IC1 = 0x140
                    0x0180                  OC1 = 0x180
                    0x0180                  _OC1 = 0x180
                    0x0240                  SPI1 = 0x240
                    0x0240                  _SPI1 = 0x240
                    0x0220                  UART1 = 0x220
                    0x0220                  _UART1 = 0x220
                    0x0230                  UART2 = 0x230
                    0x0230                  _UART2 = 0x230
START GROUP
LOAD d:/program files/microchip/xc16/v1.60/bin/bin/../../lib\liblega-pic30-elf.a
LOAD d:/program files/microchip/xc16/v1.60/bin/bin/../../lib\libm-elf.a
LOAD d:/program files/microchip/xc16/v1.60/bin/bin/../../lib\liblega-c-elf.a
END GROUP
OUTPUT(dist/default/production/Midterm.X.production.elf elf32-pic30)
LOAD jump_table
LOAD default_isr
LOAD data_init

.debug_pubtypes
                  0x0000a8        0x582
 .debug_pubtypes
                  0x0000a8         0xef build/default/production/ADC.o
 .debug_pubtypes
                  0x000197         0x7a build/default/production/ChangeClk.o
 .debug_pubtypes
                  0x000211        0x151 build/default/production/IOs.o
 .debug_pubtypes
                  0x000362        0x11f build/default/production/UART2.o
 .debug_pubtypes
                  0x000481         0x78 build/default/production/debouncer.o
 .debug_pubtypes
                  0x0004f9         0x12 build/default/production/main.o
 .debug_pubtypes
                  0x00050b        0x11f build/default/production/pulse.o

__c30_signature
                  0x00062a        0x1f2
 __c30_signature
                  0x00062a          0x6 build/default/production/ADC.o
 __c30_signature
                  0x000630          0x6 build/default/production/ChangeClk.o
 __c30_signature
                  0x000636          0x6 build/default/production/IOs.o
 __c30_signature
                  0x00063c          0x6 build/default/production/UART2.o
 __c30_signature
                  0x000642          0x6 build/default/production/debouncer.o
 __c30_signature
                  0x000648          0x6 build/default/production/main.o
 __c30_signature
                  0x00064e          0x6 build/default/production/pulse.o
 __c30_signature
                  0x000654          0x6 d:/program files/microchip/xc16/v1.60/bin/bin/../../lib\liblega-pic30-elf.a(crt0_standard.o)
 __c30_signature
                  0x00065a          0x6 d:/program files/microchip/xc16/v1.60/bin/bin/../../lib\liblega-pic30-elf.a(data_init_standard.o)
 __c30_signature
                  0x000660          0x6 d:/program files/microchip/xc16/v1.60/bin/bin/../../lib\libm-elf.a(divsf3.eo)
 __c30_signature
                  0x000666          0x6 d:/program files/microchip/xc16/v1.60/bin/bin/../../lib\libm-elf.a(fixunssfsi.eo)
 __c30_signature
                  0x00066c          0x6 d:/program files/microchip/xc16/v1.60/bin/bin/../../lib\libm-elf.a(floatsisf.eo)
 __c30_signature
                  0x000672          0x6 d:/program files/microchip/xc16/v1.60/bin/bin/../../lib\libm-elf.a(floatunsisf.eo)
 __c30_signature
                  0x000678          0x6 d:/program files/microchip/xc16/v1.60/bin/bin/../../lib\libm-elf.a(fpack.eo)
 __c30_signature
                  0x00067e          0x6 d:/program files/microchip/xc16/v1.60/bin/bin/../../lib\libm-elf.a(funpack.eo)
 __c30_signature
                  0x000684          0x6 d:/program files/microchip/xc16/v1.60/bin/bin/../../lib\libm-elf.a(funpack2.eo)
 __c30_signature
                  0x00068a          0x6 d:/program files/microchip/xc16/v1.60/bin/bin/../../lib\libm-elf.a(futil.eo)
 __c30_signature
                  0x000690          0x6 d:/program files/microchip/xc16/v1.60/bin/bin/../../lib\libm-elf.a(mulsf3.eo)
 __c30_signature
                  0x000696          0x6 d:/program files/microchip/xc16/v1.60/bin/bin/../../lib\libm-elf.a(powf.eo)
 __c30_signature
                  0x00069c          0x6 d:/program files/microchip/xc16/v1.60/bin/bin/../../lib\libm-elf.a(udivsi3.eo)
 __c30_signature
                  0x0006a2          0x6 d:/program files/microchip/xc16/v1.60/bin/bin/../../lib\libm-elf.a(_frexpf.eo)
 __c30_signature
                  0x0006a8          0x6 d:/program files/microchip/xc16/v1.60/bin/bin/../../lib\libm-elf.a(addsf3.eo)
 __c30_signature
                  0x0006ae          0x6 d:/program files/microchip/xc16/v1.60/bin/bin/../../lib\libm-elf.a(errno.eo)
 __c30_signature
                  0x0006b4          0x6 d:/program files/microchip/xc16/v1.60/bin/bin/../../lib\libm-elf.a(expf.eo)
 __c30_signature
                  0x0006ba          0x6 d:/program files/microchip/xc16/v1.60/bin/bin/../../lib\libm-elf.a(fchop.eo)
 __c30_signature
                  0x0006c0          0x6 d:/program files/microchip/xc16/v1.60/bin/bin/../../lib\libm-elf.a(feqltle.eo)
 __c30_signature
                  0x0006c6          0x6 d:/program files/microchip/xc16/v1.60/bin/bin/../../lib\libm-elf.a(fgtge.eo)
 __c30_signature
                  0x0006cc          0x6 d:/program files/microchip/xc16/v1.60/bin/bin/../../lib\libm-elf.a(fixsfsi.eo)
 __c30_signature
                  0x0006d2          0x6 d:/program files/microchip/xc16/v1.60/bin/bin/../../lib\libm-elf.a(floatdisf.eo)
 __c30_signature
                  0x0006d8          0x6 d:/program files/microchip/xc16/v1.60/bin/bin/../../lib\libm-elf.a(floatundisf.eo)
 __c30_signature
                  0x0006de          0x6 d:/program files/microchip/xc16/v1.60/bin/bin/../../lib\libm-elf.a(ldexpf.eo)
 __c30_signature
                  0x0006e4          0x6 d:/program files/microchip/xc16/v1.60/bin/bin/../../lib\libm-elf.a(logf.eo)
 __c30_signature
                  0x0006ea          0x6 d:/program files/microchip/xc16/v1.60/bin/bin/../../lib\libm-elf.a(fcompare.eo)
 __c30_signature
                  0x0006f0          0x6 d:/program files/microchip/xc16/v1.60/bin/bin/../../lib\liblega-c-elf.a(strlen.XX_eo)
 __c30_signature
                  0x0006f6          0x6 d:/program files/microchip/xc16/v1.60/bin/bin/../../lib\liblega-c-elf.a(sprintf_fF.XXeo)
 __c30_signature
                  0x0006fc          0x6 d:/program files/microchip/xc16/v1.60/bin/bin/../../lib\liblega-c-elf.a(xprintf_fF.XXeo)
 __c30_signature
                  0x000702          0x6 d:/program files/microchip/xc16/v1.60/bin/bin/../../lib\liblega-c-elf.a(xputfld_fF.XXeo)
 __c30_signature
                  0x000708          0x6 d:/program files/microchip/xc16/v1.60/bin/bin/../../lib\liblega-c-elf.a(xldtob_fF.XXeo)
 __c30_signature
                  0x00070e          0x6 d:/program files/microchip/xc16/v1.60/bin/bin/../../lib\liblega-c-elf.a(xgenld_fF.XXeo)
 __c30_signature
                  0x000714          0x6 d:/program files/microchip/xc16/v1.60/bin/bin/../../lib\liblega-c-elf.a(div.XX_eo)
 __c30_signature
                  0x00071a          0x6 d:/program files/microchip/xc16/v1.60/bin/bin/../../lib\liblega-c-elf.a(ldiv.XX_eo)
 __c30_signature
                  0x000720          0x6 d:/program files/microchip/xc16/v1.60/bin/bin/../../lib\liblega-c-elf.a(memcpy.XX_eo)
 __c30_signature
                  0x000726          0x6 d:/program files/microchip/xc16/v1.60/bin/bin/../../lib\liblega-c-elf.a(strchr.XX_eo)
 __c30_signature
                  0x00072c          0x6 d:/program files/microchip/xc16/v1.60/bin/bin/../../lib\liblega-c-elf.a(xldunsca.XX_eo)
 __c30_signature
                  0x000732          0x6 d:/program files/microchip/xc16/v1.60/bin/bin/../../lib\liblega-c-elf.a(xputtxt.XX_eo)
 __c30_signature
                  0x000738          0x6 d:/program files/microchip/xc16/v1.60/bin/bin/../../lib\liblega-c-elf.a(xvacopy.XX_eo)
 __c30_signature
                  0x00073e          0x6 d:/program files/microchip/xc16/v1.60/bin/bin/../../lib\liblega-c-elf.a(efwrite.XX_eo)
 __c30_signature
                  0x000744          0x6 d:/program files/microchip/xc16/v1.60/bin/bin/../../lib\liblega-c-elf.a(fflush.XX_elo)
 __c30_signature
                  0x00074a          0x6 d:/program files/microchip/xc16/v1.60/bin/bin/../../lib\liblega-c-elf.a(xdnorm.XX_elo)
 __c30_signature
                  0x000750          0x6 d:/program files/microchip/xc16/v1.60/bin/bin/../../lib\liblega-c-elf.a(xfiles.XX_elo)
 __c30_signature
                  0x000756          0x6 d:/program files/microchip/xc16/v1.60/bin/bin/../../lib\liblega-c-elf.a(xfwprep.XX_eo)
 __c30_signature
                  0x00075c          0x6 d:/program files/microchip/xc16/v1.60/bin/bin/../../lib\liblega-c-elf.a(fclose.XX_elo)
 __c30_signature
                  0x000762          0x6 d:/program files/microchip/xc16/v1.60/bin/bin/../../lib\liblega-c-elf.a(xatexit.XX_elo)
 __c30_signature
                  0x000768          0x6 d:/program files/microchip/xc16/v1.60/bin/bin/../../lib\liblega-c-elf.a(free.XX_eo)
 __c30_signature
                  0x00076e          0x6 d:/program files/microchip/xc16/v1.60/bin/bin/../../lib\liblega-c-elf.a(malloc.XX_eo)
 __c30_signature
                  0x000774          0x6 d:/program files/microchip/xc16/v1.60/bin/bin/../../lib\liblega-c-elf.a(xgetmem.XX_eo)
 __c30_signature
                  0x00077a          0x6 d:/program files/microchip/xc16/v1.60/bin/bin/../../lib\liblega-pic30-elf.a(close.Leo)
 __c30_signature
                  0x000780          0x6 d:/program files/microchip/xc16/v1.60/bin/bin/../../lib\liblega-pic30-elf.a(write.Leo)
 __c30_signature
                  0x000786          0x6 d:/program files/microchip/xc16/v1.60/bin/bin/../../lib\liblega-pic30-elf.a(remove.Leo)
 __c30_signature
                  0x00078c          0x6 d:/program files/microchip/xc16/v1.60/bin/bin/../../lib\liblega-pic30-elf.a(sbrk.Leo)
 __c30_signature
                  0x000792          0x6 d:/program files/microchip/xc16/v1.60/bin/bin/../../lib\liblega-pic30-elf.a(c30_uart.Leo)
 __c30_signature
                  0x000798          0x6 d:/program files/microchip/xc16/v1.60/bin/bin/../../lib\liblega-pic30-elf.a(memcpy_eds.Leo)
 __c30_signature
                  0x00079e          0x6 d:/program files/microchip/xc16/v1.60/bin/bin/../../lib\liblega-pic30-elf.a(memchr_eds.Leo)
 __c30_signature
                  0x0007a4          0x6 d:/program files/microchip/xc16/v1.60/bin/bin/../../lib\liblega-pic30-elf.a(brk.Lelo)
 __c30_signature
                  0x0007aa          0x6 d:/program files/microchip/xc16/v1.60/bin/bin/../../lib\libm-elf.a(deqltle.eo)
 __c30_signature
                  0x0007b0          0x6 d:/program files/microchip/xc16/v1.60/bin/bin/../../lib\libm-elf.a(dgtge.eo)
 __c30_signature
                  0x0007b6          0x6 d:/program files/microchip/xc16/v1.60/bin/bin/../../lib\libm-elf.a(divdf3.eo)
 __c30_signature
                  0x0007bc          0x6 d:/program files/microchip/xc16/v1.60/bin/bin/../../lib\libm-elf.a(divsi3.eo)
 __c30_signature
                  0x0007c2          0x6 d:/program files/microchip/xc16/v1.60/bin/bin/../../lib\libm-elf.a(dpack.eo)
 __c30_signature
                  0x0007c8          0x6 d:/program files/microchip/xc16/v1.60/bin/bin/../../lib\libm-elf.a(dunpack2.eo)
 __c30_signature
                  0x0007ce          0x6 d:/program files/microchip/xc16/v1.60/bin/bin/../../lib\libm-elf.a(extendsfdf.eo)
 __c30_signature
                  0x0007d4          0x6 d:/program files/microchip/xc16/v1.60/bin/bin/../../lib\libm-elf.a(fixdfsi.eo)
 __c30_signature
                  0x0007da          0x6 d:/program files/microchip/xc16/v1.60/bin/bin/../../lib\libm-elf.a(floatsidf.eo)
 __c30_signature
                  0x0007e0          0x6 d:/program files/microchip/xc16/v1.60/bin/bin/../../lib\libm-elf.a(muldf3.eo)
 __c30_signature
                  0x0007e6          0x6 d:/program files/microchip/xc16/v1.60/bin/bin/../../lib\libm-elf.a(subdf3.eo)
 __c30_signature
                  0x0007ec          0x6 d:/program files/microchip/xc16/v1.60/bin/bin/../../lib\libm-elf.a(mulsi3.eo)
 __c30_signature
                  0x0007f2          0x6 d:/program files/microchip/xc16/v1.60/bin/bin/../../lib\libm-elf.a(adddf3.eo)
 __c30_signature
                  0x0007f8          0x6 d:/program files/microchip/xc16/v1.60/bin/bin/../../lib\libm-elf.a(dcompare.eo)
 __c30_signature
                  0x0007fe          0x6 d:/program files/microchip/xc16/v1.60/bin/bin/../../lib\libm-elf.a(dpropagateNaN.eo)
 __c30_signature
                  0x000804          0x6 d:/program files/microchip/xc16/v1.60/bin/bin/../../lib\libm-elf.a(dtype.eo)
 __c30_signature
                  0x00080a          0x6 d:/program files/microchip/xc16/v1.60/bin/bin/../../lib\libm-elf.a(dunpack.eo)
 __c30_signature
                  0x000810          0x6 d:/program files/microchip/xc16/v1.60/bin/bin/../../lib\libm-elf.a(floatdidf.eo)
 __c30_signature
                  0x000816          0x6 d:/program files/microchip/xc16/v1.60/bin/bin/../../lib\libm-elf.a(floatundidf.eo)

.nbss               0x0800         0x16
 .nbss              0x0800          0xa build/default/production/pulse.o
                    0x0800                  _counter
 .nbss              0x080a          0x8 build/default/production/ADC.o
                    0x080a                  _STATE
 .nbss              0x0812          0x2 build/default/production/UART2.o
                    0x0812                  _clkval
 .nbss              0x0814          0x2 d:/program files/microchip/xc16/v1.60/bin/bin/../../lib\libm-elf.a(errno.eo)
                    0x0814                  _errno

.data               0x0816         0xfa
 .data              0x0816         0x88 d:/program files/microchip/xc16/v1.60/bin/bin/../../lib\liblega-c-elf.a(xfiles.XX_elo)
                    0x0816                  __Stdin
                    0x083e                  __Stdout
                    0x0866                  __Stderr
                    0x088e                  __Files
 .data              0x089e         0x58 d:/program files/microchip/xc16/v1.60/bin/bin/../../lib\liblega-c-elf.a(xldtob_fF.XXeo)
 .data              0x08f6         0x1a d:/program files/microchip/xc16/v1.60/bin/bin/../../lib\liblega-c-elf.a(xprintf_fF.XXeo)

.bss                0x0910          0x4
 .bss               0x0910          0x4 d:/program files/microchip/xc16/v1.60/bin/bin/../../lib\liblega-c-elf.a(malloc.XX_eo)
                    0x0910                  __Aldata

.data               0x0914          0x2
 .data              0x0914          0x2 d:/program files/microchip/xc16/v1.60/bin/bin/../../lib\liblega-c-elf.a(xgenld_fF.XXeo)

.bss                0x0916          0x2
 .bss               0x0916          0x2 d:/program files/microchip/xc16/v1.60/bin/bin/../../lib\liblega-c-elf.a(fclose.XX_elo)

.data               0x0918          0x4
 .data              0x0918          0x2 d:/program files/microchip/xc16/v1.60/bin/bin/../../lib\liblega-c-elf.a(malloc.XX_eo)
                    0x0918                  __Size_block
 .data              0x091a          0x2 d:/program files/microchip/xc16/v1.60/bin/bin/../../lib\liblega-pic30-elf.a(c30_uart.Leo)
                    0x091a                  ___C30_UART

.bss                0x091c          0x2
 .bss               0x091c          0x2 d:/program files/microchip/xc16/v1.60/bin/bin/../../lib\liblega-pic30-elf.a(brk.Lelo)
                    0x091c                  ___curbrk

.ivt._CNInterrupt
                  0x00003a          0x2
 .ivt._CNInterrupt
                  0x00003a          0x2 build/default/production/IOs.o

.ivt._U2RXInterrupt
                  0x000050          0x2
 .ivt._U2RXInterrupt
                  0x000050          0x2 build/default/production/UART2.o

.ivt._U2TXInterrupt
                  0x000052          0x2
 .ivt._U2TXInterrupt
                  0x000052          0x2 build/default/production/UART2.o

.ivt._T1Interrupt
                  0x00001a          0x2
 .ivt._T1Interrupt
                  0x00001a          0x2 build/default/production/debouncer.o

.config_FCKSM     0xf80008          0x2
 .config_FCKSM    0xf80008          0x2 build/default/production/main.o

.config_IESO      0xf80006          0x2
 .config_IESO     0xf80006          0x2 build/default/production/main.o

.ivt._T2Interrupt
                  0x000022          0x2
 .ivt._T2Interrupt
                  0x000022          0x2 build/default/production/pulse.o

.ivt._T3Interrupt
                  0x000024          0x2
 .ivt._T3Interrupt
                  0x000024          0x2 build/default/production/pulse.o

.const              0xa006         0x72 load address 0x002006  
 .const             0xa006         0x6e build/default/production/ADC.o
 .const             0xa074          0x4 build/default/production/pulse.o

.text             0x002078        0x366
 .text            0x002078        0x1ee build/default/production/UART2.o
                  0x002078                  _InitUART2
                  0x0020e0                  _XmitUART2
                  0x002118                  _Disp2Hex
                  0x002176                  _Disp2Hex32
                  0x0021e4                  _Disp2Dec
                  0x002244                  _Disp2String
 .text            0x002266        0x178 build/default/production/ADC.o
                  0x002266                  _ADCinit
                  0x0022b4                  _do_ADC
                  0x0022f8                  _ADC_Display
                  0x00234e                  _ADC2mV
                  0x002376                  _ADC2ohm
                  0x0023ca                  _clear

.dinit            0x0023de        0x100
 .dinit           0x0023de        0x100 data_init

.text             0x0024de        0x120
 .text            0x0024de         0x74 build/default/production/ChangeClk.o
                  0x0024de                  _NewClk
 .text            0x002552         0x5e build/default/production/pulse.o
                  0x002552                  _pulseInit
                  0x0025a0                  _frequency
                  0x0025a8                  _amplitude
 .text            0x0025b0         0x22 build/default/production/IOs.o
                  0x0025b0                  _IOinit
 .text            0x0025d2         0x1c build/default/production/debouncer.o
                  0x0025d2                  _T1init
 .text            0x0025ee         0x10 build/default/production/main.o
                  0x0025ee                  _main
