Microchip Technology Inc, v1.60 (B)

Tool Name:
  d:\program files\microchip\xc16\v1.60\bin\bin\..\bin/elf-ld.exe

Command:
  -p24F16KA101 \
  --mdfp=D:/Program Files (x86)/Microchip/MPLABX/v5.40/packs/Microchip/PIC24F-KA-KL-KM_DFP/1.3.49/xc16 \
  -o \
  dist/default/production/Midterm.X.production.elf \
  -Ld:/program files/microchip/xc16/v1.60/bin/bin/.. \
  -LD:/Program Files (x86)/Microchip/MPLABX/v5.40/packs/Microchip/PIC24F-KA-KL-KM_DFP/1.3.49/xc16/bin/../support/PIC24F/gld \
  -Ld:/program files/microchip/xc16/v1.60/bin/bin/../../lib \
  -Ld:/program files/microchip/xc16/v1.60/bin/bin/../../support/PIC24E/gld \
  -Ld:/program files/microchip/xc16/v1.60/bin/bin/../../support/PIC24F/gld \
  -Ld:/program files/microchip/xc16/v1.60/bin/bin/../../support/PIC24H/gld \
  -Ld:/program files/microchip/xc16/v1.60/bin/bin/../../support/dsPIC30F/gld \
  -Ld:/program files/microchip/xc16/v1.60/bin/bin/../../support/dsPIC33C/gld \
  -Ld:/program files/microchip/xc16/v1.60/bin/bin/../../support/dsPIC33E/gld \
  -Ld:/program files/microchip/xc16/v1.60/bin/bin/../../support/dsPIC33F/gld \
  build/default/production/ADC.o \
  build/default/production/ChangeClk.o \
  build/default/production/IOs.o \
  build/default/production/UART2.o \
  build/default/production/debouncer.o \
  build/default/production/main.o \
  build/default/production/pulse.o \
  --defsym=__MPLAB_BUILD=1 \
  -Tp24F16KA101.gld.00 \
  --stack=16 \
  --check-sections \
  --data-init \
  --pack-data \
  --handles \
  --isr \
  --no-gc-sections \
  --fill-upper=0 \
  --stackguard=16 \
  --no-force-link \
  --smart-io \
  -Map=dist/default/production/Midterm.X.production.map \
  --report-mem \
  --memorysummary \
  dist/default/production/memoryfile.xml \
  -start-group \
  --library=lega-pic30-elf \
  --library=m-elf \
  --library=lega-c-elf \
  -end-group \


Optional library libpPIC24Fxxx.a not found
Archive member included because of file (symbol)

d:/program files/microchip/xc16/v1.60/bin/bin/../../lib\liblega-pic30-elf.a(crt0_standard.o)
                              (__resetPRI)
d:/program files/microchip/xc16/v1.60/bin/bin/../../lib\liblega-pic30-elf.a(data_init_standard.o)
                              d:/program files/microchip/xc16/v1.60/bin/bin/../../lib\liblega-pic30-elf.a(crt0_standard.o) (__data_init_standard)
d:/program files/microchip/xc16/v1.60/bin/bin/../../lib\liblega-pic30-elf.a(crt_start_mode_normal.Leo)
                              (__crt_start_mode_normal)
d:/program files/microchip/xc16/v1.60/bin/bin/../../lib\libm-elf.a(addsf3.eo)
                              build/default/production/ADC.o (___subsf3)
d:/program files/microchip/xc16/v1.60/bin/bin/../../lib\libm-elf.a(divsf3.eo)
                              build/default/production/ADC.o (___divsf3)
d:/program files/microchip/xc16/v1.60/bin/bin/../../lib\libm-elf.a(fixunssfsi.eo)
                              build/default/production/UART2.o (___fixunssfsi)
d:/program files/microchip/xc16/v1.60/bin/bin/../../lib\libm-elf.a(floatsisf.eo)
                              build/default/production/UART2.o (___floatsisf)
d:/program files/microchip/xc16/v1.60/bin/bin/../../lib\libm-elf.a(floatunsisf.eo)
                              build/default/production/ADC.o (___floatunsisf)
d:/program files/microchip/xc16/v1.60/bin/bin/../../lib\libm-elf.a(fpack.eo)
                              d:/program files/microchip/xc16/v1.60/bin/bin/../../lib\libm-elf.a(addsf3.eo) (__fpack)
d:/program files/microchip/xc16/v1.60/bin/bin/../../lib\libm-elf.a(funpack.eo)
                              d:/program files/microchip/xc16/v1.60/bin/bin/../../lib\libm-elf.a(fixunssfsi.eo) (__funpack)
d:/program files/microchip/xc16/v1.60/bin/bin/../../lib\libm-elf.a(funpack2.eo)
                              d:/program files/microchip/xc16/v1.60/bin/bin/../../lib\libm-elf.a(addsf3.eo) (__funpack2)
d:/program files/microchip/xc16/v1.60/bin/bin/../../lib\libm-elf.a(futil.eo)
                              d:/program files/microchip/xc16/v1.60/bin/bin/../../lib\libm-elf.a(addsf3.eo) (__fPropagateNaN)
d:/program files/microchip/xc16/v1.60/bin/bin/../../lib\libm-elf.a(mulsf3.eo)
                              build/default/production/ADC.o (___mulsf3)
d:/program files/microchip/xc16/v1.60/bin/bin/../../lib\libm-elf.a(powf.eo)
                              build/default/production/UART2.o (_powf)
d:/program files/microchip/xc16/v1.60/bin/bin/../../lib\libm-elf.a(_frexpf.eo)
                              d:/program files/microchip/xc16/v1.60/bin/bin/../../lib\libm-elf.a(powf.eo) (__frexpf)
d:/program files/microchip/xc16/v1.60/bin/bin/../../lib\libm-elf.a(errno.eo)
                              d:/program files/microchip/xc16/v1.60/bin/bin/../../lib\libm-elf.a(powf.eo) (_errno)
d:/program files/microchip/xc16/v1.60/bin/bin/../../lib\libm-elf.a(expf.eo)
                              d:/program files/microchip/xc16/v1.60/bin/bin/../../lib\libm-elf.a(powf.eo) (_expf)
d:/program files/microchip/xc16/v1.60/bin/bin/../../lib\libm-elf.a(fchop.eo)
                              d:/program files/microchip/xc16/v1.60/bin/bin/../../lib\libm-elf.a(powf.eo) (__fchop)
d:/program files/microchip/xc16/v1.60/bin/bin/../../lib\libm-elf.a(feqltle.eo)
                              d:/program files/microchip/xc16/v1.60/bin/bin/../../lib\libm-elf.a(powf.eo) (___eqsf2)
d:/program files/microchip/xc16/v1.60/bin/bin/../../lib\libm-elf.a(fgtge.eo)
                              d:/program files/microchip/xc16/v1.60/bin/bin/../../lib\libm-elf.a(expf.eo) (___gtsf2)
d:/program files/microchip/xc16/v1.60/bin/bin/../../lib\libm-elf.a(fixsfsi.eo)
                              d:/program files/microchip/xc16/v1.60/bin/bin/../../lib\libm-elf.a(powf.eo) (_(float, int, long long, short, float, short, int))
d:/program files/microchip/xc16/v1.60/bin/bin/../../lib\libm-elf.a(floatdisf.eo)
                              d:/program files/microchip/xc16/v1.60/bin/bin/../../lib\libm-elf.a(floatsisf.eo) (___floatdisf)
d:/program files/microchip/xc16/v1.60/bin/bin/../../lib\libm-elf.a(floatundisf.eo)
                              d:/program files/microchip/xc16/v1.60/bin/bin/../../lib\libm-elf.a(floatunsisf.eo) (___floatundisf)
d:/program files/microchip/xc16/v1.60/bin/bin/../../lib\libm-elf.a(ldexpf.eo)
                              d:/program files/microchip/xc16/v1.60/bin/bin/../../lib\libm-elf.a(powf.eo) (_ldexpf)
d:/program files/microchip/xc16/v1.60/bin/bin/../../lib\libm-elf.a(logf.eo)
                              d:/program files/microchip/xc16/v1.60/bin/bin/../../lib\libm-elf.a(powf.eo) (_logf)
d:/program files/microchip/xc16/v1.60/bin/bin/../../lib\libm-elf.a(fcompare.eo)
                              d:/program files/microchip/xc16/v1.60/bin/bin/../../lib\libm-elf.a(feqltle.eo) (__fcompare)
d:/program files/microchip/xc16/v1.60/bin/bin/../../lib\liblega-c-elf.a(strlen.XX_eo)
                              build/default/production/UART2.o (_strlen)
d:/program files/microchip/xc16/v1.60/bin/bin/../../lib\liblega-c-elf.a(sprintf_fF.XXeo)
                              build/default/production/ADC.o (__sprintf_fF)
d:/program files/microchip/xc16/v1.60/bin/bin/../../lib\liblega-c-elf.a(xprintf_fF.XXeo)
                              d:/program files/microchip/xc16/v1.60/bin/bin/../../lib\liblega-c-elf.a(sprintf_fF.XXeo) (___ePrintf_fF)
d:/program files/microchip/xc16/v1.60/bin/bin/../../lib\liblega-c-elf.a(xputfld_fF.XXeo)
                              d:/program files/microchip/xc16/v1.60/bin/bin/../../lib\liblega-c-elf.a(xprintf_fF.XXeo) (___Putfld_fF)
d:/program files/microchip/xc16/v1.60/bin/bin/../../lib\liblega-c-elf.a(xldtob_fF.XXeo)
                              d:/program files/microchip/xc16/v1.60/bin/bin/../../lib\liblega-c-elf.a(xputfld_fF.XXeo) (___Ldtob_fF)
d:/program files/microchip/xc16/v1.60/bin/bin/../../lib\liblega-c-elf.a(xgenld_fF.XXeo)
                              d:/program files/microchip/xc16/v1.60/bin/bin/../../lib\liblega-c-elf.a(xldtob_fF.XXeo) (___Genld_fF)
d:/program files/microchip/xc16/v1.60/bin/bin/../../lib\liblega-c-elf.a(div.XX_eo)
                              d:/program files/microchip/xc16/v1.60/bin/bin/../../lib\liblega-c-elf.a(xgenld_fF.XXeo) (_div)
d:/program files/microchip/xc16/v1.60/bin/bin/../../lib\liblega-c-elf.a(ldiv.XX_eo)
                              d:/program files/microchip/xc16/v1.60/bin/bin/../../lib\liblega-c-elf.a(xldtob_fF.XXeo) (_ldiv)
d:/program files/microchip/xc16/v1.60/bin/bin/../../lib\liblega-c-elf.a(memcpy.XX_eo)
                              d:/program files/microchip/xc16/v1.60/bin/bin/../../lib\liblega-c-elf.a(sprintf_fF.XXeo) (_memcpy)
d:/program files/microchip/xc16/v1.60/bin/bin/../../lib\liblega-c-elf.a(strchr.XX_eo)
                              d:/program files/microchip/xc16/v1.60/bin/bin/../../lib\liblega-c-elf.a(xprintf_fF.XXeo) (_strchr)
d:/program files/microchip/xc16/v1.60/bin/bin/../../lib\liblega-c-elf.a(xldunsca.XX_eo)
                              d:/program files/microchip/xc16/v1.60/bin/bin/../../lib\liblega-c-elf.a(xldtob_fF.XXeo) (__LDunscale)
d:/program files/microchip/xc16/v1.60/bin/bin/../../lib\liblega-c-elf.a(xputtxt.XX_eo)
                              d:/program files/microchip/xc16/v1.60/bin/bin/../../lib\liblega-c-elf.a(xprintf_fF.XXeo) (__Puttxt)
d:/program files/microchip/xc16/v1.60/bin/bin/../../lib\liblega-c-elf.a(xvacopy.XX_eo)
                              d:/program files/microchip/xc16/v1.60/bin/bin/../../lib\liblega-c-elf.a(xprintf_fF.XXeo) (__Vacopy)
d:/program files/microchip/xc16/v1.60/bin/bin/../../lib\liblega-c-elf.a(efwrite.XX_eo)
                              d:/program files/microchip/xc16/v1.60/bin/bin/../../lib\liblega-c-elf.a(xprintf_fF.XXeo) (_efwrite)
d:/program files/microchip/xc16/v1.60/bin/bin/../../lib\liblega-c-elf.a(fflush.XX_elo)
                              d:/program files/microchip/xc16/v1.60/bin/bin/../../lib\liblega-c-elf.a(efwrite.XX_eo) (__DNKfflush)
d:/program files/microchip/xc16/v1.60/bin/bin/../../lib\liblega-c-elf.a(xdnorm.XX_elo)
                              d:/program files/microchip/xc16/v1.60/bin/bin/../../lib\liblega-c-elf.a(xldunsca.XX_eo) (__Dnorm)
d:/program files/microchip/xc16/v1.60/bin/bin/../../lib\liblega-c-elf.a(xfiles.XX_elo)
                              d:/program files/microchip/xc16/v1.60/bin/bin/../../lib\liblega-c-elf.a(fflush.XX_elo) (__Files)
d:/program files/microchip/xc16/v1.60/bin/bin/../../lib\liblega-c-elf.a(xfwprep.XX_eo)
                              d:/program files/microchip/xc16/v1.60/bin/bin/../../lib\liblega-c-elf.a(efwrite.XX_eo) (__Fwprep)
d:/program files/microchip/xc16/v1.60/bin/bin/../../lib\liblega-c-elf.a(fclose.XX_elo)
                              d:/program files/microchip/xc16/v1.60/bin/bin/../../lib\liblega-c-elf.a(xfwprep.XX_eo) (__Closreg)
d:/program files/microchip/xc16/v1.60/bin/bin/../../lib\liblega-c-elf.a(xatexit.XX_elo)
                              d:/program files/microchip/xc16/v1.60/bin/bin/../../lib\liblega-c-elf.a(fclose.XX_elo) (__Atexit)
d:/program files/microchip/xc16/v1.60/bin/bin/../../lib\liblega-c-elf.a(free.XX_eo)
                              d:/program files/microchip/xc16/v1.60/bin/bin/../../lib\liblega-c-elf.a(fclose.XX_elo) (_free)
d:/program files/microchip/xc16/v1.60/bin/bin/../../lib\liblega-c-elf.a(malloc.XX_eo)
                              d:/program files/microchip/xc16/v1.60/bin/bin/../../lib\liblega-c-elf.a(free.XX_eo) (__Aldata)
d:/program files/microchip/xc16/v1.60/bin/bin/../../lib\liblega-c-elf.a(xgetmem.XX_eo)
                              d:/program files/microchip/xc16/v1.60/bin/bin/../../lib\liblega-c-elf.a(malloc.XX_eo) (__Getmem)
d:/program files/microchip/xc16/v1.60/bin/bin/../../lib\liblega-pic30-elf.a(close.Leo)
                              d:/program files/microchip/xc16/v1.60/bin/bin/../../lib\liblega-c-elf.a(fclose.XX_elo) (_close)
d:/program files/microchip/xc16/v1.60/bin/bin/../../lib\liblega-pic30-elf.a(write.Leo)
                              d:/program files/microchip/xc16/v1.60/bin/bin/../../lib\liblega-c-elf.a(fflush.XX_elo) (_write)
d:/program files/microchip/xc16/v1.60/bin/bin/../../lib\liblega-pic30-elf.a(remove.Leo)
                              d:/program files/microchip/xc16/v1.60/bin/bin/../../lib\liblega-c-elf.a(fclose.XX_elo) (_remove)
d:/program files/microchip/xc16/v1.60/bin/bin/../../lib\liblega-pic30-elf.a(sbrk.Leo)
                              d:/program files/microchip/xc16/v1.60/bin/bin/../../lib\liblega-c-elf.a(xgetmem.XX_eo) (_sbrk)
d:/program files/microchip/xc16/v1.60/bin/bin/../../lib\liblega-pic30-elf.a(c30_uart.Leo)
                              d:/program files/microchip/xc16/v1.60/bin/bin/../../lib\liblega-pic30-elf.a(write.Leo) (___C30_UART)
d:/program files/microchip/xc16/v1.60/bin/bin/../../lib\liblega-pic30-elf.a(memcpy_eds.Leo)
                              d:/program files/microchip/xc16/v1.60/bin/bin/../../lib\liblega-c-elf.a(sprintf_fF.XXeo) (__memcpy_eds_3)
d:/program files/microchip/xc16/v1.60/bin/bin/../../lib\liblega-pic30-elf.a(memchr_eds.Leo)
                              d:/program files/microchip/xc16/v1.60/bin/bin/../../lib\liblega-c-elf.a(efwrite.XX_eo) (__memchr_eds)
d:/program files/microchip/xc16/v1.60/bin/bin/../../lib\liblega-pic30-elf.a(brk.Lelo)
                              d:/program files/microchip/xc16/v1.60/bin/bin/../../lib\liblega-pic30-elf.a(sbrk.Leo) (_brk)
d:/program files/microchip/xc16/v1.60/bin/bin/../../lib\libm-elf.a(deqltle.eo)
                              d:/program files/microchip/xc16/v1.60/bin/bin/../../lib\liblega-c-elf.a(xldtob_fF.XXeo) (___ltdf2)
d:/program files/microchip/xc16/v1.60/bin/bin/../../lib\libm-elf.a(dgtge.eo)
                              d:/program files/microchip/xc16/v1.60/bin/bin/../../lib\liblega-c-elf.a(xldtob_fF.XXeo) (___gtdf2)
d:/program files/microchip/xc16/v1.60/bin/bin/../../lib\libm-elf.a(divdf3.eo)
                              d:/program files/microchip/xc16/v1.60/bin/bin/../../lib\liblega-c-elf.a(xldtob_fF.XXeo) (___divdf3)
d:/program files/microchip/xc16/v1.60/bin/bin/../../lib\libm-elf.a(divsi3.eo)
                              d:/program files/microchip/xc16/v1.60/bin/bin/../../lib\liblega-c-elf.a(xldtob_fF.XXeo) (___divsi3)
d:/program files/microchip/xc16/v1.60/bin/bin/../../lib\libm-elf.a(dpack.eo)
                              d:/program files/microchip/xc16/v1.60/bin/bin/../../lib\libm-elf.a(divdf3.eo) (__dpack)
d:/program files/microchip/xc16/v1.60/bin/bin/../../lib\libm-elf.a(dunpack2.eo)
                              d:/program files/microchip/xc16/v1.60/bin/bin/../../lib\libm-elf.a(divdf3.eo) (__dunpack2)
d:/program files/microchip/xc16/v1.60/bin/bin/../../lib\libm-elf.a(extendsfdf.eo)
                              d:/program files/microchip/xc16/v1.60/bin/bin/../../lib\liblega-c-elf.a(xputfld_fF.XXeo) (___extendsfdf2)
d:/program files/microchip/xc16/v1.60/bin/bin/../../lib\libm-elf.a(fixdfsi.eo)
                              d:/program files/microchip/xc16/v1.60/bin/bin/../../lib\liblega-c-elf.a(xldtob_fF.XXeo) (_(float, int, long long, double, float, short, int))
d:/program files/microchip/xc16/v1.60/bin/bin/../../lib\libm-elf.a(floatsidf.eo)
                              d:/program files/microchip/xc16/v1.60/bin/bin/../../lib\liblega-c-elf.a(xldtob_fF.XXeo) (___floatsidf)
d:/program files/microchip/xc16/v1.60/bin/bin/../../lib\libm-elf.a(muldf3.eo)
                              d:/program files/microchip/xc16/v1.60/bin/bin/../../lib\liblega-c-elf.a(xldtob_fF.XXeo) (___muldf3)
d:/program files/microchip/xc16/v1.60/bin/bin/../../lib\libm-elf.a(subdf3.eo)
                              d:/program files/microchip/xc16/v1.60/bin/bin/../../lib\liblega-c-elf.a(xldtob_fF.XXeo) (___subdf3)
d:/program files/microchip/xc16/v1.60/bin/bin/../../lib\libm-elf.a(udivsi3.eo)
                              d:/program files/microchip/xc16/v1.60/bin/bin/../../lib\libm-elf.a(divsi3.eo) (___udivsi3)
d:/program files/microchip/xc16/v1.60/bin/bin/../../lib\libm-elf.a(mulsi3.eo)
                              d:/program files/microchip/xc16/v1.60/bin/bin/../../lib\liblega-c-elf.a(ldiv.XX_eo) (___mulsi3)
d:/program files/microchip/xc16/v1.60/bin/bin/../../lib\libm-elf.a(adddf3.eo)
                              d:/program files/microchip/xc16/v1.60/bin/bin/../../lib\libm-elf.a(subdf3.eo) (___adddf3)
d:/program files/microchip/xc16/v1.60/bin/bin/../../lib\libm-elf.a(dcompare.eo)
                              d:/program files/microchip/xc16/v1.60/bin/bin/../../lib\libm-elf.a(deqltle.eo) (__dcompare)
d:/program files/microchip/xc16/v1.60/bin/bin/../../lib\libm-elf.a(dpropagateNaN.eo)
                              d:/program files/microchip/xc16/v1.60/bin/bin/../../lib\libm-elf.a(dunpack2.eo) (__dPropagateNaN)
d:/program files/microchip/xc16/v1.60/bin/bin/../../lib\libm-elf.a(dtype.eo)
                              d:/program files/microchip/xc16/v1.60/bin/bin/../../lib\libm-elf.a(dcompare.eo) (__dtype)
d:/program files/microchip/xc16/v1.60/bin/bin/../../lib\libm-elf.a(dunpack.eo)
                              d:/program files/microchip/xc16/v1.60/bin/bin/../../lib\libm-elf.a(dunpack2.eo) (__dunpack)
d:/program files/microchip/xc16/v1.60/bin/bin/../../lib\libm-elf.a(floatdidf.eo)
                              d:/program files/microchip/xc16/v1.60/bin/bin/../../lib\libm-elf.a(floatsidf.eo) (___floatdidf)
d:/program files/microchip/xc16/v1.60/bin/bin/../../lib\libm-elf.a(floatundidf.eo)
                              d:/program files/microchip/xc16/v1.60/bin/bin/../../lib\libm-elf.a(floatdidf.eo) (___floatundidf)


xc16-ld 1.60 (B)

Default Code Model: Small
Default Data Model: Small
Default Scalar Model: Small

"program" Memory  [Origin = 0x200, Length = 0x2a00]

section                    address   length (PC units)   length (bytes) (dec)
-------                    -------   -----------------   --------------------
.text                        0x200              0x1dca          0x2caf  (11439)
.const                      0x1fca                0x70            0xa8  (168)
.text                       0x203a               0x374           0x52e  (1326)
.dinit                      0x23ae                0xfa           0x177  (375)
.text                       0x24a8               0x104           0x186  (390)

                 Total "program" memory used (bytes):         0x3582  (13698) 84%


"data" Memory  [Origin = 0x800, Length = 0x600]

section                    address      alignment gaps    total length  (dec)
-------                    -------      --------------    -------------------
.nbss                        0x800                   0             0xa  (10)
.data                        0x80a                   0            0xfa  (250)
.bss                         0x904                   0             0x4  (4)
.data                        0x908                   0             0x2  (2)
.bss                         0x90a                   0             0x2  (2)
.data                        0x90c                   0             0x4  (4)
.bss                         0x910                   0             0x2  (2)

                 Total "data" memory used (bytes):          0x112  (274) 17%


Dynamic Memory Usage

region                     address                      maximum length  (dec)
------                     -------                      ---------------------
heap                             0                                   0  (0)
stack                        0x912                               0x4ee  (1262)

                 Maximum dynamic memory (bytes):          0x4ee  (1262)

Info: Project is using a large data memory model when small data memory model is sufficient.


External Symbols in Data Memory (by address):

                    0x0800                  _STATE
                    0x0802                  _freq
                    0x0804                  _amp
                    0x0806                  _clkval
                    0x080a                  __Stdin
                    0x0832                  __Stdout
                    0x085a                  __Stderr
                    0x0882                  __Files
                    0x0904                  __Aldata
                    0x090c                  __Size_block
                    0x090e                  ___C30_UART
                    0x0910                  ___curbrk

External Symbols in Data Memory (by name):

                    0x0800                  _STATE
                    0x0904                  __Aldata
                    0x0882                  __Files
                    0x090c                  __Size_block
                    0x085a                  __Stderr
                    0x080a                  __Stdin
                    0x0832                  __Stdout
                    0x090e                  ___C30_UART
                    0x0910                  ___curbrk
                    0x0804                  _amp
                    0x0806                  _clkval
                    0x0802                  _freq

External Symbols in Program Memory (by address):

                  0x000200                  __resetPRI
                  0x00023c                  __psv_init
                  0x000252                  __data_init_standard
                  0x000252                  __data_init
                  0x0002dc                  __CNInterrupt
                  0x000358                  __U2RXInterrupt
                  0x000360                  __U2TXInterrupt
                  0x000368                  __T1Interrupt
                  0x00037c                  __T3Interrupt
                  0x00038e                  __DefaultInterrupt
                  0x00047e                  ___subsf3
                  0x000480                  ___addsf3
                  0x00053a                  ___divsf3
                  0x0005be                  ___fixunssfsi
                  0x0005f4                  ___floatsisf
                  0x0005fa                  ___floatunsisf
                  0x0005fe                  __fpack
                  0x00064a                  __funpack
                  0x000674                  __funpack2
                  0x000684                  __fPropagateNaN
                  0x000696                  __fbopExit
                  0x00069e                  __fbopReturnNaN
                  0x0006a4                  ___mulsf3
                  0x00070c                  _powf
                  0x0008d2                  __frexpf
                  0x0008ec                  _expf
                  0x0009b0                  __fchop
                  0x0009fe                  ___ltsf2
                  0x0009fe                  ___lesf2
                  0x0009fe                  ___eqsf2
                  0x000a02                  ___gtsf2
                  0x000a02                  ___gesf2
                  0x000a06                  ___fixsfsi
                  0x000a48                  ___floatdisf
                  0x000a68                  ___floatundisf
                  0x000ac6                  _ldexpf
                  0x000b0a                  _logf
                  0x000bb8                  __fcompare
                  0x000bee                  _strlen
                  0x000bfa                  sprintf_fF.XXeo:_eprout
                  0x000c14                  sprintf_fF.XXeo:_prout
                  0x000c22                  __sprintf_fF
                  0x000c42                  xprintf_fF.XXeo:_eprout
                  0x000c60                  ___ePrintf_fF
                  0x000dd6                  ___Printf_fF
                  0x000de0                  ___Putfld_fF
                  0x000e84                  ___Ldtob_fF
                  0x0010d4                  ___Genld_fF
                  0x0012dc                  _div
                  0x0012f2                  _ldiv
                  0x00131c                  _memcpy
                  0x00132a                  _strchr
                  0x001342                  __LDunscale
                  0x001396                  __Puttxt
                  0x00154a                  __Vacopy
                  0x00154e                  _efwrite
                  0x001626                  __DNKfflush
                  0x00169c                  __Dnorm
                  0x001734                  __Fwprep
                  0x0017c6                  __Closreg
                  0x0017d8                  _fclose
                  0x001868                  fclose.XX_elo:_closeall
                  0x001888                  __Atexit
                  0x0018a0                  _free
                  0x00196a                  _malloc
                  0x0019be                  __Getmem
                  0x0019de                  __memcpy_eds_3
                  0x0019de                  __memcpy_eds
                  0x001a18                  __memchr_eds
                  0x001a4e                  ___eqdf2
                  0x001a4e                  ___ledf2
                  0x001a4e                  ___ltdf2
                  0x001a58                  ___gtdf2
                  0x001a58                  ___gedf2
                  0x001a62                  ___divdf3
                  0x001b16                  ___divsi3
                  0x001b34                  __dpack
                  0x001b8c                  __dunpack2
                  0x001bae                  __dreturnNaN
                  0x001bb4                  __dunpack2exit
                  0x001bbe                  ___extendsfdf2
                  0x001bfc                  ___fixdfsi
                  0x001c54                  ___floatsidf
                  0x001c5c                  ___muldf3
                  0x001d48                  ___subdf3
                  0x001d4c                  ___udivsi3
                  0x001d6c                  ___mulp32peds3
                  0x001d6c                  ___mulp32eds3
                  0x001d6c                  ___mulsi3
                  0x001d78                  ___adddf3
                  0x001e74                  __dcompare
                  0x001ec6                  __dPropagateNaN
                  0x001ee2                  __dtype
                  0x001f06                  __dunpack
                  0x001f54                  ___floatdidf
                  0x001f74                  ___floatundidf
                  0x00203a                  _InitUART2
                  0x0020a2                  _XmitUART2
                  0x0020da                  _Disp2Hex
                  0x002138                  _Disp2Hex32
                  0x0021a6                  _Disp2Dec
                  0x002206                  _Disp2String
                  0x002228                  _ADCinit
                  0x002278                  _do_ADC
                  0x0022bc                  _ADC_Display
                  0x00231a                  _ADC2mV
                  0x00234a                  _ADC2ohm
                  0x00239a                  _clearLine
                  0x0024a8                  _NewClk
                  0x00251c                  _TimerInit
                  0x00254a                  _IOinit
                  0x002570                  _main
                  0x002594                  _DBinit

External Symbols in Program Memory (by name):

                  0x00231a                  _ADC2mV
                  0x00234a                  _ADC2ohm
                  0x0022bc                  _ADC_Display
                  0x002228                  _ADCinit
                  0x002594                  _DBinit
                  0x0021a6                  _Disp2Dec
                  0x0020da                  _Disp2Hex
                  0x002138                  _Disp2Hex32
                  0x002206                  _Disp2String
                  0x00254a                  _IOinit
                  0x00203a                  _InitUART2
                  0x0024a8                  _NewClk
                  0x00251c                  _TimerInit
                  0x0020a2                  _XmitUART2
                  0x001888                  __Atexit
                  0x0002dc                  __CNInterrupt
                  0x0017c6                  __Closreg
                  0x001626                  __DNKfflush
                  0x00038e                  __DefaultInterrupt
                  0x00169c                  __Dnorm
                  0x001734                  __Fwprep
                  0x0019be                  __Getmem
                  0x001342                  __LDunscale
                  0x001396                  __Puttxt
                  0x000368                  __T1Interrupt
                  0x00037c                  __T3Interrupt
                  0x000358                  __U2RXInterrupt
                  0x000360                  __U2TXInterrupt
                  0x00154a                  __Vacopy
                  0x0010d4                  ___Genld_fF
                  0x000e84                  ___Ldtob_fF
                  0x000dd6                  ___Printf_fF
                  0x000de0                  ___Putfld_fF
                  0x001d78                  ___adddf3
                  0x000480                  ___addsf3
                  0x001a62                  ___divdf3
                  0x00053a                  ___divsf3
                  0x001b16                  ___divsi3
                  0x000c60                  ___ePrintf_fF
                  0x001a4e                  ___eqdf2
                  0x0009fe                  ___eqsf2
                  0x001bbe                  ___extendsfdf2
                  0x001bfc                  ___fixdfsi
                  0x000a06                  ___fixsfsi
                  0x0005be                  ___fixunssfsi
                  0x001f54                  ___floatdidf
                  0x000a48                  ___floatdisf
                  0x001c54                  ___floatsidf
                  0x0005f4                  ___floatsisf
                  0x001f74                  ___floatundidf
                  0x000a68                  ___floatundisf
                  0x0005fa                  ___floatunsisf
                  0x001a58                  ___gedf2
                  0x000a02                  ___gesf2
                  0x001a58                  ___gtdf2
                  0x000a02                  ___gtsf2
                  0x001a4e                  ___ledf2
                  0x0009fe                  ___lesf2
                  0x001a4e                  ___ltdf2
                  0x0009fe                  ___ltsf2
                  0x001c5c                  ___muldf3
                  0x001d6c                  ___mulp32eds3
                  0x001d6c                  ___mulp32peds3
                  0x0006a4                  ___mulsf3
                  0x001d6c                  ___mulsi3
                  0x001d48                  ___subdf3
                  0x00047e                  ___subsf3
                  0x001d4c                  ___udivsi3
                  0x001ec6                  __dPropagateNaN
                  0x000252                  __data_init
                  0x000252                  __data_init_standard
                  0x001e74                  __dcompare
                  0x001b34                  __dpack
                  0x001bae                  __dreturnNaN
                  0x001ee2                  __dtype
                  0x001f06                  __dunpack
                  0x001b8c                  __dunpack2
                  0x001bb4                  __dunpack2exit
                  0x000684                  __fPropagateNaN
                  0x000696                  __fbopExit
                  0x00069e                  __fbopReturnNaN
                  0x0009b0                  __fchop
                  0x000bb8                  __fcompare
                  0x0005fe                  __fpack
                  0x0008d2                  __frexpf
                  0x00064a                  __funpack
                  0x000674                  __funpack2
                  0x001a18                  __memchr_eds
                  0x0019de                  __memcpy_eds
                  0x0019de                  __memcpy_eds_3
                  0x00023c                  __psv_init
                  0x000200                  __resetPRI
                  0x000c22                  __sprintf_fF
                  0x00239a                  _clearLine
                  0x0012dc                  _div
                  0x002278                  _do_ADC
                  0x00154e                  _efwrite
                  0x0008ec                  _expf
                  0x0017d8                  _fclose
                  0x0018a0                  _free
                  0x000ac6                  _ldexpf
                  0x0012f2                  _ldiv
                  0x000b0a                  _logf
                  0x002570                  _main
                  0x00196a                  _malloc
                  0x00131c                  _memcpy
                  0x00070c                  _powf
                  0x00132a                  _strchr
                  0x000bee                  _strlen
                  0x001868                  fclose.XX_elo:_closeall
                  0x000bfa                  sprintf_fF.XXeo:_eprout
                  0x000c14                  sprintf_fF.XXeo:_prout
                  0x000c42                  xprintf_fF.XXeo:_eprout

Memory Configuration

Name             Origin             Length             Attributes
data             0x000800           0x000600           a !xr
reset            0x000000           0x000004  
ivt              0x000004           0x0000fc  
_reserved        0x000100           0x000004  
aivt             0x000104           0x0000fc  
program          0x000200           0x002a00           xr
eedata           0x7ffe00           0x000200  
FBS              0xf80000           0x000002  
FGS              0xf80004           0x000002  
FOSCSEL          0xf80006           0x000002  
FOSC             0xf80008           0x000002  
FWDT             0xf8000a           0x000002  
FPOR             0xf8000c           0x000002  
FICD             0xf8000e           0x000002  
FDS              0xf80010           0x000002  
*default*        0x000000           0xffffffff  

Linker script and memory map

LOAD build/default/production/ADC.o
LOAD build/default/production/ChangeClk.o
LOAD build/default/production/IOs.o
LOAD build/default/production/UART2.o
LOAD build/default/production/debouncer.o
LOAD build/default/production/main.o
LOAD build/default/production/pulse.o
                    0x0001                  __MPLAB_BUILD = 0x1
LOAD pPIC24Fxxx
LOAD d:/program files/microchip/xc16/v1.60/bin/bin/../../lib\libfx-elf.a
                    0xf80000                  __FBS = 0xf80000
                    0xf80004                  __FGS = 0xf80004
                    0xf80006                  __FOSCSEL = 0xf80006
                    0xf80008                  __FOSC = 0xf80008
                    0xf8000a                  __FWDT = 0xf8000a
                    0xf8000c                  __FPOR = 0xf8000c
                    0xf8000e                  __FICD = 0xf8000e
                    0xf80010                  __FDS = 0xf80010
                    0x0001                  __NO_HANDLES = 0x1
                    0x0200                  __CODE_BASE = 0x200
                    0x2a00                  __CODE_LENGTH = 0x2a00
                    0x0004                  __IVT_BASE = 0x4
                    0x0104                  __AIVT_BASE = 0x104
                    0x0800                  __DATA_BASE = 0x800
                    0x0600                  __DATA_LENGTH = 0x600

.reset            0x000000          0x4
                  0x000000          0x2 SHORT 0x200 ABSOLUTE (__reset)
                  0x000001          0x2 SHORT 0x4
                  0x000002          0x2 SHORT 0x0 ((ABSOLUTE (__reset) >> 0x10) & 0x7f)
                  0x000003          0x2 SHORT 0x0

.text             0x000200       0x1dca
 *(.init)
 .init            0x000200         0x4c d:/program files/microchip/xc16/v1.60/bin/bin/../../lib\liblega-pic30-elf.a(crt0_standard.o)
                  0x000200                  __resetPRI
                  0x000200                  __reset
                  0x00023c                  __psv_init
 .init            0x00024c         0x7c d:/program files/microchip/xc16/v1.60/bin/bin/../../lib\liblega-pic30-elf.a(data_init_standard.o)
                  0x000252                  __data_init_standard
                  0x000252                  __data_init
 *(.user_init)
 *(.handle)
 *(.isr*)
 .isr.text        0x0002dc         0x7c build/default/production/IOs.o
                  0x0002dc                  __CNInterrupt
 .isr.text        0x000358         0x10 build/default/production/UART2.o
                  0x000358                  __U2RXInterrupt
                  0x000360                  __U2TXInterrupt
 .isr.text        0x000368         0x14 build/default/production/debouncer.o
                  0x000368                  __T1Interrupt
 .isr.text        0x00037c         0x12 build/default/production/pulse.o
                  0x00037c                  __T3Interrupt
 .isr             0x00038e          0x4 default_isr
                  0x00038e                  __DefaultInterrupt
 *(.libc)
 .libc            0x000392         0x12 d:/program files/microchip/xc16/v1.60/bin/bin/../../lib\liblega-pic30-elf.a(close.Leo)
                  0x000392                  _close
 .libc            0x0003a4         0x84 d:/program files/microchip/xc16/v1.60/bin/bin/../../lib\liblega-pic30-elf.a(write.Leo)
                  0x0003a4                  _write
 .libc            0x000428         0x12 d:/program files/microchip/xc16/v1.60/bin/bin/../../lib\liblega-pic30-elf.a(remove.Leo)
                  0x000428                  _remove
 .libc            0x00043a         0x28 d:/program files/microchip/xc16/v1.60/bin/bin/../../lib\liblega-pic30-elf.a(sbrk.Leo)
                  0x00043a                  _sbrk
 .libc            0x000462         0x1a d:/program files/microchip/xc16/v1.60/bin/bin/../../lib\liblega-pic30-elf.a(brk.Lelo)
                  0x000462                  _brk
 *(.libm)
 *(.libdsp)
 *(.lib*)
 .libpic30_crt_start_mode
                  0x00047c          0x2 d:/program files/microchip/xc16/v1.60/bin/bin/../../lib\liblega-pic30-elf.a(crt_start_mode_normal.Leo)
                  0x00047c                  __crt_start_mode
                  0x00047c                  __crt_start_mode_normal
 .libm.subsf3     0x00047e         0xbc d:/program files/microchip/xc16/v1.60/bin/bin/../../lib\libm-elf.a(addsf3.eo)
                  0x00047e                  ___subsf3
                  0x000480                  ___addsf3
 .libm.divfs3     0x00053a         0x84 d:/program files/microchip/xc16/v1.60/bin/bin/../../lib\libm-elf.a(divsf3.eo)
                  0x00053a                  ___divsf3
 .libm.fixunssfsi
                  0x0005be         0x36 d:/program files/microchip/xc16/v1.60/bin/bin/../../lib\libm-elf.a(fixunssfsi.eo)
                  0x0005be                  ___fixunssfsi
 .libm.floatsisf
                  0x0005f4          0x6 d:/program files/microchip/xc16/v1.60/bin/bin/../../lib\libm-elf.a(floatsisf.eo)
                  0x0005f4                  ___floatsisf
 .libm.floatunsisf
                  0x0005fa          0x4 d:/program files/microchip/xc16/v1.60/bin/bin/../../lib\libm-elf.a(floatunsisf.eo)
                  0x0005fa                  ___floatunsisf
 .libm.fpack      0x0005fe         0x4c d:/program files/microchip/xc16/v1.60/bin/bin/../../lib\libm-elf.a(fpack.eo)
                  0x0005fe                  __fpack
 .libm.funpack    0x00064a         0x2a d:/program files/microchip/xc16/v1.60/bin/bin/../../lib\libm-elf.a(funpack.eo)
                  0x00064a                  __funpack
 .libm.funpack2
                  0x000674         0x10 d:/program files/microchip/xc16/v1.60/bin/bin/../../lib\libm-elf.a(funpack2.eo)
                  0x000674                  __funpack2
 .libm.fPropagateNaN
                  0x000684         0x12 d:/program files/microchip/xc16/v1.60/bin/bin/../../lib\libm-elf.a(futil.eo)
                  0x000684                  __fPropagateNaN
 .libm.fbobExit
                  0x000696          0x8 d:/program files/microchip/xc16/v1.60/bin/bin/../../lib\libm-elf.a(futil.eo)
                  0x000696                  __fbopExit
 .libm.fbopReturnNaN
                  0x00069e          0x6 d:/program files/microchip/xc16/v1.60/bin/bin/../../lib\libm-elf.a(futil.eo)
                  0x00069e                  __fbopReturnNaN
 .libm.mulsf3     0x0006a4         0x68 d:/program files/microchip/xc16/v1.60/bin/bin/../../lib\libm-elf.a(mulsf3.eo)
                  0x0006a4                  ___mulsf3
 .libm.powf       0x00070c        0x1c6 d:/program files/microchip/xc16/v1.60/bin/bin/../../lib\libm-elf.a(powf.eo)
                  0x00070c                  _powf
 .libm.frexpf     0x0008d2         0x1a d:/program files/microchip/xc16/v1.60/bin/bin/../../lib\libm-elf.a(_frexpf.eo)
                  0x0008d2                  __frexpf
 .libm.expf       0x0008ec         0xc4 d:/program files/microchip/xc16/v1.60/bin/bin/../../lib\libm-elf.a(expf.eo)
                  0x0008ec                  _expf
 .libm.fchop      0x0009b0         0x4e d:/program files/microchip/xc16/v1.60/bin/bin/../../lib\libm-elf.a(fchop.eo)
                  0x0009b0                  __fchop
 .libm.eqsf2      0x0009fe          0x4 d:/program files/microchip/xc16/v1.60/bin/bin/../../lib\libm-elf.a(feqltle.eo)
                  0x0009fe                  ___eqsf2
                  0x0009fe                  ___ltsf2
                  0x0009fe                  ___lesf2
 .libm.gtsf2      0x000a02          0x4 d:/program files/microchip/xc16/v1.60/bin/bin/../../lib\libm-elf.a(fgtge.eo)
                  0x000a02                  ___gesf2
                  0x000a02                  ___gtsf2
 .libm.fixsfsi    0x000a06         0x42 d:/program files/microchip/xc16/v1.60/bin/bin/../../lib\libm-elf.a(fixsfsi.eo)
                  0x000a06                  _(float, int, long long, short, float, short, int)
 .libm.floatdisf
                  0x000a48         0x20 d:/program files/microchip/xc16/v1.60/bin/bin/../../lib\libm-elf.a(floatdisf.eo)
                  0x000a48                  ___floatdisf
 .libm.floatundisf
                  0x000a68         0x5e d:/program files/microchip/xc16/v1.60/bin/bin/../../lib\libm-elf.a(floatundisf.eo)
                  0x000a68                  ___floatundisf
 .libm.ldexpf     0x000ac6         0x44 d:/program files/microchip/xc16/v1.60/bin/bin/../../lib\libm-elf.a(ldexpf.eo)
                  0x000ac6                  _ldexpf
 .libm.logf       0x000b0a         0xae d:/program files/microchip/xc16/v1.60/bin/bin/../../lib\libm-elf.a(logf.eo)
                  0x000b0a                  _logf
 .libm.fcompare
                  0x000bb8         0x36 d:/program files/microchip/xc16/v1.60/bin/bin/../../lib\libm-elf.a(fcompare.eo)
                  0x000bb8                  __fcompare
 .libc.strlen     0x000bee          0xc d:/program files/microchip/xc16/v1.60/bin/bin/../../lib\liblega-c-elf.a(strlen.XX_eo)
                  0x000bee                  _strlen
 .libc.eprout     0x000bfa         0x1a d:/program files/microchip/xc16/v1.60/bin/bin/../../lib\liblega-c-elf.a(sprintf_fF.XXeo)
                  0x000bfa                  sprintf_fF.XXeo:_eprout
 .libc.prout      0x000c14          0xe d:/program files/microchip/xc16/v1.60/bin/bin/../../lib\liblega-c-elf.a(sprintf_fF.XXeo)
                  0x000c14                  sprintf_fF.XXeo:_prout
 .libc._sprintf_fF
                  0x000c22         0x20 d:/program files/microchip/xc16/v1.60/bin/bin/../../lib\liblega-c-elf.a(sprintf_fF.XXeo)
                  0x000c22                  __sprintf_fF
 .libc.eprout     0x000c42         0x1e d:/program files/microchip/xc16/v1.60/bin/bin/../../lib\liblega-c-elf.a(xprintf_fF.XXeo)
                  0x000c42                  xprintf_fF.XXeo:_eprout
 .libc.__ePrintf_fF
                  0x000c60        0x176 d:/program files/microchip/xc16/v1.60/bin/bin/../../lib\liblega-c-elf.a(xprintf_fF.XXeo)
                  0x000c60                  ___ePrintf_fF
 .libc.__Printf_fF
                  0x000dd6          0xa d:/program files/microchip/xc16/v1.60/bin/bin/../../lib\liblega-c-elf.a(xprintf_fF.XXeo)
                  0x000dd6                  ___Printf_fF
 .libc.__Putfld_fF
                  0x000de0         0xa4 d:/program files/microchip/xc16/v1.60/bin/bin/../../lib\liblega-c-elf.a(xputfld_fF.XXeo)
                  0x000de0                  ___Putfld_fF
 .libc.__Ldtob_fF
                  0x000e84        0x250 d:/program files/microchip/xc16/v1.60/bin/bin/../../lib\liblega-c-elf.a(xldtob_fF.XXeo)
                  0x000e84                  ___Ldtob_fF
 .libc.__Genld_fF
                  0x0010d4        0x208 d:/program files/microchip/xc16/v1.60/bin/bin/../../lib\liblega-c-elf.a(xgenld_fF.XXeo)
                  0x0010d4                  ___Genld_fF
 .libc.div        0x0012dc         0x16 d:/program files/microchip/xc16/v1.60/bin/bin/../../lib\liblega-c-elf.a(div.XX_eo)
                  0x0012dc                  _div
 .libc.ldiv       0x0012f2         0x2a d:/program files/microchip/xc16/v1.60/bin/bin/../../lib\liblega-c-elf.a(ldiv.XX_eo)
                  0x0012f2                  _ldiv
 .libc.memcpy     0x00131c          0xe d:/program files/microchip/xc16/v1.60/bin/bin/../../lib\liblega-c-elf.a(memcpy.XX_eo)
                  0x00131c                  _memcpy
 .libc.strchr     0x00132a         0x18 d:/program files/microchip/xc16/v1.60/bin/bin/../../lib\liblega-c-elf.a(strchr.XX_eo)
                  0x00132a                  _strchr
 .libc._LDunscale
                  0x001342         0x54 d:/program files/microchip/xc16/v1.60/bin/bin/../../lib\liblega-c-elf.a(xldunsca.XX_eo)
                  0x001342                  __LDunscale
 .libc._Puttxt    0x001396        0x1b4 d:/program files/microchip/xc16/v1.60/bin/bin/../../lib\liblega-c-elf.a(xputtxt.XX_eo)
                  0x001396                  __Puttxt
 .libc._Vacopy    0x00154a          0x4 d:/program files/microchip/xc16/v1.60/bin/bin/../../lib\liblega-c-elf.a(xvacopy.XX_eo)
                  0x00154a                  __Vacopy
 .libc.efwrite    0x00154e         0xd8 d:/program files/microchip/xc16/v1.60/bin/bin/../../lib\liblega-c-elf.a(efwrite.XX_eo)
                  0x00154e                  _efwrite
 .libc._DNKfflush
                  0x001626         0x76 d:/program files/microchip/xc16/v1.60/bin/bin/../../lib\liblega-c-elf.a(fflush.XX_elo)
                  0x001626                  __DNKfflush
 .libc._Dnorm     0x00169c         0x98 d:/program files/microchip/xc16/v1.60/bin/bin/../../lib\liblega-c-elf.a(xdnorm.XX_elo)
                  0x00169c                  __Dnorm
 .libc._Fwprep    0x001734         0x8e d:/program files/microchip/xc16/v1.60/bin/bin/../../lib\liblega-c-elf.a(xfwprep.XX_eo)
                  0x001734                  __Fwprep
 .libc.closeallreg
                  0x0017c2          0x4 d:/program files/microchip/xc16/v1.60/bin/bin/../../lib\liblega-c-elf.a(fclose.XX_elo)
 .libc._Closreg
                  0x0017c6         0x12 d:/program files/microchip/xc16/v1.60/bin/bin/../../lib\liblega-c-elf.a(fclose.XX_elo)
                  0x0017c6                  __Closreg
 .libc.fclose     0x0017d8         0x90 d:/program files/microchip/xc16/v1.60/bin/bin/../../lib\liblega-c-elf.a(fclose.XX_elo)
                  0x0017d8                  _fclose
 .libc.closeall
                  0x001868         0x20 d:/program files/microchip/xc16/v1.60/bin/bin/../../lib\liblega-c-elf.a(fclose.XX_elo)
                  0x001868                  fclose.XX_elo:_closeall
 .libc._Atexit    0x001888         0x18 d:/program files/microchip/xc16/v1.60/bin/bin/../../lib\liblega-c-elf.a(xatexit.XX_elo)
                  0x001888                  __Atexit
 .libc.free       0x0018a0         0x64 d:/program files/microchip/xc16/v1.60/bin/bin/../../lib\liblega-c-elf.a(free.XX_eo)
                  0x0018a0                  _free
 .libc.findmem    0x001904         0x66 d:/program files/microchip/xc16/v1.60/bin/bin/../../lib\liblega-c-elf.a(malloc.XX_eo)
 .libc.malloc     0x00196a         0x54 d:/program files/microchip/xc16/v1.60/bin/bin/../../lib\liblega-c-elf.a(malloc.XX_eo)
                  0x00196a                  _malloc
 .libc._Getmem    0x0019be         0x14 d:/program files/microchip/xc16/v1.60/bin/bin/../../lib\liblega-c-elf.a(xgetmem.XX_eo)
                  0x0019be                  __Getmem
 .libc.doclose    0x0019d2          0x4 d:/program files/microchip/xc16/v1.60/bin/bin/../../lib\liblega-pic30-elf.a(close.Leo)
 .libc.dowrite    0x0019d6          0x4 d:/program files/microchip/xc16/v1.60/bin/bin/../../lib\liblega-pic30-elf.a(write.Leo)
 .libc.doremove
                  0x0019da          0x4 d:/program files/microchip/xc16/v1.60/bin/bin/../../lib\liblega-pic30-elf.a(remove.Leo)
 .libc.memcpy_eds
                  0x0019de         0x3a d:/program files/microchip/xc16/v1.60/bin/bin/../../lib\liblega-pic30-elf.a(memcpy_eds.Leo)
                  0x0019de                  __memcpy_eds_3
                  0x0019de                  __memcpy_eds
 .libc._memchr_eds
                  0x001a18         0x36 d:/program files/microchip/xc16/v1.60/bin/bin/../../lib\liblega-pic30-elf.a(memchr_eds.Leo)
                  0x001a18                  __memchr_eds
 .libm.eqdf2      0x001a4e          0xa d:/program files/microchip/xc16/v1.60/bin/bin/../../lib\libm-elf.a(deqltle.eo)
                  0x001a4e                  ___eqdf2
                  0x001a4e                  ___ltdf2
                  0x001a4e                  ___ledf2
 .libm.gtdf2      0x001a58          0xa d:/program files/microchip/xc16/v1.60/bin/bin/../../lib\libm-elf.a(dgtge.eo)
                  0x001a58                  ___gtdf2
                  0x001a58                  ___gedf2
 .libm.divdf3     0x001a62         0xb4 d:/program files/microchip/xc16/v1.60/bin/bin/../../lib\libm-elf.a(divdf3.eo)
                  0x001a62                  ___divdf3
 .libm.divsi3     0x001b16         0x1e d:/program files/microchip/xc16/v1.60/bin/bin/../../lib\libm-elf.a(divsi3.eo)
                  0x001b16                  ___divsi3
 .libm.dpack      0x001b34         0x58 d:/program files/microchip/xc16/v1.60/bin/bin/../../lib\libm-elf.a(dpack.eo)
                  0x001b34                  __dpack
 .libm.dunpack2
                  0x001b8c         0x32 d:/program files/microchip/xc16/v1.60/bin/bin/../../lib\libm-elf.a(dunpack2.eo)
                  0x001b8c                  __dunpack2
                  0x001bae                  __dreturnNaN
                  0x001bb4                  __dunpack2exit
 .libm.extendsfdf2
                  0x001bbe         0x3e d:/program files/microchip/xc16/v1.60/bin/bin/../../lib\libm-elf.a(extendsfdf.eo)
                  0x001bbe                  ___extendsfdf2
 .libm.fixdfsi    0x001bfc         0x58 d:/program files/microchip/xc16/v1.60/bin/bin/../../lib\libm-elf.a(fixdfsi.eo)
                  0x001bfc                  _(float, int, long long, double, float, short, int)
 .libm.floatsidf
                  0x001c54          0x6 d:/program files/microchip/xc16/v1.60/bin/bin/../../lib\libm-elf.a(floatsidf.eo)
                  0x001c54                  ___floatsidf
 *fill*           0x001c5a          0x400
 .libm.muldf3     0x001c5c         0xec d:/program files/microchip/xc16/v1.60/bin/bin/../../lib\libm-elf.a(muldf3.eo)
                  0x001c5c                  ___muldf3
 .libm.subdf3     0x001d48          0x4 d:/program files/microchip/xc16/v1.60/bin/bin/../../lib\libm-elf.a(subdf3.eo)
                  0x001d48                  ___subdf3
 .libm.udivsi3    0x001d4c         0x20 d:/program files/microchip/xc16/v1.60/bin/bin/../../lib\libm-elf.a(udivsi3.eo)
                  0x001d4c                  ___udivsi3
 .libm.mulsi3     0x001d6c          0xc d:/program files/microchip/xc16/v1.60/bin/bin/../../lib\libm-elf.a(mulsi3.eo)
                  0x001d6c                  ___mulp32peds3
                  0x001d6c                  ___mulsi3
                  0x001d6c                  ___mulp32eds3
 .libm.adddf3     0x001d78         0xfc d:/program files/microchip/xc16/v1.60/bin/bin/../../lib\libm-elf.a(adddf3.eo)
                  0x001d78                  ___adddf3
 .libm.dcompare
                  0x001e74         0x52 d:/program files/microchip/xc16/v1.60/bin/bin/../../lib\libm-elf.a(dcompare.eo)
                  0x001e74                  __dcompare
 .libm.dPropagateNaN
                  0x001ec6         0x1c d:/program files/microchip/xc16/v1.60/bin/bin/../../lib\libm-elf.a(dpropagateNaN.eo)
                  0x001ec6                  __dPropagateNaN
 .libm.dtype      0x001ee2         0x24 d:/program files/microchip/xc16/v1.60/bin/bin/../../lib\libm-elf.a(dtype.eo)
                  0x001ee2                  __dtype
 .libm.dunpack    0x001f06         0x4e d:/program files/microchip/xc16/v1.60/bin/bin/../../lib\libm-elf.a(dunpack.eo)
                  0x001f06                  __dunpack
 .libm.floatdidf
                  0x001f54         0x20 d:/program files/microchip/xc16/v1.60/bin/bin/../../lib\libm-elf.a(floatdidf.eo)
                  0x001f54                  ___floatdidf
 .libm.floatundidf
                  0x001f74         0x56 d:/program files/microchip/xc16/v1.60/bin/bin/../../lib\libm-elf.a(floatundidf.eo)
                  0x001f74                  ___floatundidf

usercode
 *(usercode)

__FBS
 *(__FBS.sec*)

__FGS
 *(__FGS.sec*)

__FOSCSEL
 *(__FOSCSEL.sec*)

__FOSC
 *(__FOSC.sec*)

__FWDT
 *(__FWDT.sec*)

__FPOR
 *(__FPOR.sec*)

__FICD
 *(__FICD.sec*)

__FDS
 *(__FDS.sec*)

.comment          0x000000         0x5e
 *(.comment)
 .comment         0x000000         0x5e d:/program files/microchip/xc16/v1.60/bin/bin/../../lib\liblega-c-elf.a(xfiles.XX_elo)

.debug_info       0x000000       0x3dff
 *(.debug_info)
 .debug_info      0x000000        0xc31 build/default/production/ADC.o
 .debug_info      0x000c31        0x552 build/default/production/ChangeClk.o
 .debug_info      0x001183        0xe1a build/default/production/IOs.o
 .debug_info      0x001f9d        0xe78 build/default/production/UART2.o
 .debug_info      0x002e15        0x530 build/default/production/debouncer.o
 .debug_info      0x003345        0x3d9 build/default/production/main.o
 .debug_info      0x00371e        0x6e1 build/default/production/pulse.o
 *(.gnu.linkonce.wi.*)

.debug_abbrev     0x000000        0x6da
 *(.debug_abbrev)
 .debug_abbrev    0x000000        0x125 build/default/production/ADC.o
 .debug_abbrev    0x000125        0x123 build/default/production/ChangeClk.o
 .debug_abbrev    0x000248        0x11c build/default/production/IOs.o
 .debug_abbrev    0x000364        0x114 build/default/production/UART2.o
 .debug_abbrev    0x000478         0xc5 build/default/production/debouncer.o
 .debug_abbrev    0x00053d         0xc7 build/default/production/main.o
 .debug_abbrev    0x000604         0xd6 build/default/production/pulse.o

.debug_line       0x000000        0x887
 *(.debug_line)
 .debug_line      0x000000        0x14e build/default/production/ADC.o
 .debug_line      0x00014e        0x11b build/default/production/ChangeClk.o
 .debug_line      0x000269        0x132 build/default/production/IOs.o
 .debug_line      0x00039b        0x183 build/default/production/UART2.o
 .debug_line      0x00051e        0x126 build/default/production/debouncer.o
 .debug_line      0x000644        0x117 build/default/production/main.o
 .debug_line      0x00075b        0x12c build/default/production/pulse.o

.debug_frame      0x000000        0x30a
 *(.debug_frame)
 .debug_frame     0x000000         0xcc build/default/production/ADC.o
 .debug_frame     0x0000cc         0x2e build/default/production/ChangeClk.o
 .debug_frame     0x0000fa         0x52 build/default/production/IOs.o
 .debug_frame     0x00014c         0xec build/default/production/UART2.o
 .debug_frame     0x000238         0x52 build/default/production/debouncer.o
 .debug_frame     0x00028a         0x2e build/default/production/main.o
 .debug_frame     0x0002b8         0x52 build/default/production/pulse.o

.debug_str        0x000000        0x18a
 *(.debug_str)
 .debug_str       0x000000         0x59 build/default/production/ADC.o
 .debug_str       0x000059         0x16 build/default/production/ChangeClk.o
 .debug_str       0x00006f         0x75 build/default/production/IOs.o
 .debug_str       0x0000e4         0x4e build/default/production/UART2.o
 .debug_str       0x000132         0x1c build/default/production/debouncer.o
 .debug_str       0x00014e         0x16 build/default/production/main.o
 .debug_str       0x000164         0x26 build/default/production/pulse.o

.debug_loc
 *(.debug_loc)

.debug_macinfo
 *(.debug_macinfo)

.debug_pubnames
                  0x000000        0x1d6
 *(.debug_pubnames)
 .debug_pubnames
                  0x000000         0x5e build/default/production/ADC.o
 .debug_pubnames
                  0x00005e         0x1d build/default/production/ChangeClk.o
 .debug_pubnames
                  0x00007b         0x49 build/default/production/IOs.o
 .debug_pubnames
                  0x0000c4         0x98 build/default/production/UART2.o
 .debug_pubnames
                  0x00015c         0x2e build/default/production/debouncer.o
 .debug_pubnames
                  0x00018a         0x1b build/default/production/main.o
 .debug_pubnames
                  0x0001a5         0x31 build/default/production/pulse.o

.debug_ranges
 *(.debug_ranges)

.debug_aranges    0x000000         0xa8
 *(.debug_aranges)
 .debug_aranges
                  0x000000         0x18 build/default/production/ADC.o
 .debug_aranges
                  0x000018         0x18 build/default/production/ChangeClk.o
 .debug_aranges
                  0x000030         0x18 build/default/production/IOs.o
 .debug_aranges
                  0x000048         0x18 build/default/production/UART2.o
 .debug_aranges
                  0x000060         0x18 build/default/production/debouncer.o
 .debug_aranges
                  0x000078         0x18 build/default/production/main.o
 .debug_aranges
                  0x000090         0x18 build/default/production/pulse.o
                    0x0000                  WREG0 = 0x0
                    0x0000                  _WREG0 = 0x0
                    0x0002                  WREG1 = 0x2
                    0x0002                  _WREG1 = 0x2
                    0x0004                  WREG2 = 0x4
                    0x0004                  _WREG2 = 0x4
                    0x0006                  WREG3 = 0x6
                    0x0006                  _WREG3 = 0x6
                    0x0008                  WREG4 = 0x8
                    0x0008                  _WREG4 = 0x8
                    0x000a                  WREG5 = 0xa
                    0x000a                  _WREG5 = 0xa
                    0x000c                  WREG6 = 0xc
                    0x000c                  _WREG6 = 0xc
                    0x000e                  WREG7 = 0xe
                    0x000e                  _WREG7 = 0xe
                    0x0010                  WREG8 = 0x10
                    0x0010                  _WREG8 = 0x10
                    0x0012                  WREG9 = 0x12
                    0x0012                  _WREG9 = 0x12
                    0x0014                  WREG10 = 0x14
                    0x0014                  _WREG10 = 0x14
                    0x0016                  WREG11 = 0x16
                    0x0016                  _WREG11 = 0x16
                    0x0018                  WREG12 = 0x18
                    0x0018                  _WREG12 = 0x18
                    0x001a                  WREG13 = 0x1a
                    0x001a                  _WREG13 = 0x1a
                    0x001c                  WREG14 = 0x1c
                    0x001c                  _WREG14 = 0x1c
                    0x001e                  WREG15 = 0x1e
                    0x001e                  _WREG15 = 0x1e
                    0x0020                  SPLIM = 0x20
                    0x0020                  _SPLIM = 0x20
                    0x002e                  PCL = 0x2e
                    0x002e                  _PCL = 0x2e
                    0x0030                  PCH = 0x30
                    0x0030                  _PCH = 0x30
                    0x0032                  TBLPAG = 0x32
                    0x0032                  _TBLPAG = 0x32
                    0x0034                  PSVPAG = 0x34
                    0x0034                  _PSVPAG = 0x34
                    0x0036                  RCOUNT = 0x36
                    0x0036                  _RCOUNT = 0x36
                    0x0042                  SR = 0x42
                    0x0042                  _SR = 0x42
                    0x0042                  _SRbits = 0x42
                    0x0044                  CORCON = 0x44
                    0x0044                  _CORCON = 0x44
                    0x0044                  _CORCONbits = 0x44
                    0x0052                  DISICNT = 0x52
                    0x0052                  _DISICNT = 0x52
                    0x0060                  CNEN1 = 0x60
                    0x0060                  _CNEN1 = 0x60
                    0x0060                  _CNEN1bits = 0x60
                    0x0062                  CNEN2 = 0x62
                    0x0062                  _CNEN2 = 0x62
                    0x0062                  _CNEN2bits = 0x62
                    0x0068                  CNPU1 = 0x68
                    0x0068                  _CNPU1 = 0x68
                    0x0068                  _CNPU1bits = 0x68
                    0x006a                  CNPU2 = 0x6a
                    0x006a                  _CNPU2 = 0x6a
                    0x006a                  _CNPU2bits = 0x6a
                    0x0070                  CNPD1 = 0x70
                    0x0070                  _CNPD1 = 0x70
                    0x0070                  _CNPD1bits = 0x70
                    0x0072                  CNPD2 = 0x72
                    0x0072                  _CNPD2 = 0x72
                    0x0072                  _CNPD2bits = 0x72
                    0x0080                  INTCON1 = 0x80
                    0x0080                  _INTCON1 = 0x80
                    0x0080                  _INTCON1bits = 0x80
                    0x0082                  INTCON2 = 0x82
                    0x0082                  _INTCON2 = 0x82
                    0x0082                  _INTCON2bits = 0x82
                    0x0084                  IFS0 = 0x84
                    0x0084                  _IFS0 = 0x84
                    0x0084                  _IFS0bits = 0x84
                    0x0086                  IFS1 = 0x86
                    0x0086                  _IFS1 = 0x86
                    0x0086                  _IFS1bits = 0x86
                    0x008a                  IFS3 = 0x8a
                    0x008a                  _IFS3 = 0x8a
                    0x008a                  _IFS3bits = 0x8a
                    0x008c                  IFS4 = 0x8c
                    0x008c                  _IFS4 = 0x8c
                    0x008c                  _IFS4bits = 0x8c
                    0x0094                  IEC0 = 0x94
                    0x0094                  _IEC0 = 0x94
                    0x0094                  _IEC0bits = 0x94
                    0x0096                  IEC1 = 0x96
                    0x0096                  _IEC1 = 0x96
                    0x0096                  _IEC1bits = 0x96
                    0x009a                  IEC3 = 0x9a
                    0x009a                  _IEC3 = 0x9a
                    0x009a                  _IEC3bits = 0x9a
                    0x009c                  IEC4 = 0x9c
                    0x009c                  _IEC4 = 0x9c
                    0x009c                  _IEC4bits = 0x9c
                    0x00a4                  IPC0 = 0xa4
                    0x00a4                  _IPC0 = 0xa4
                    0x00a4                  _IPC0bits = 0xa4
                    0x00a6                  IPC1 = 0xa6
                    0x00a6                  _IPC1 = 0xa6
                    0x00a6                  _IPC1bits = 0xa6
                    0x00a8                  IPC2 = 0xa8
                    0x00a8                  _IPC2 = 0xa8
                    0x00a8                  _IPC2bits = 0xa8
                    0x00aa                  IPC3 = 0xaa
                    0x00aa                  _IPC3 = 0xaa
                    0x00aa                  _IPC3bits = 0xaa
                    0x00ac                  IPC4 = 0xac
                    0x00ac                  _IPC4 = 0xac
                    0x00ac                  _IPC4bits = 0xac
                    0x00ae                  IPC5 = 0xae
                    0x00ae                  _IPC5 = 0xae
                    0x00ae                  _IPC5bits = 0xae
                    0x00b2                  IPC7 = 0xb2
                    0x00b2                  _IPC7 = 0xb2
                    0x00b2                  _IPC7bits = 0xb2
                    0x00c2                  IPC15 = 0xc2
                    0x00c2                  _IPC15 = 0xc2
                    0x00c2                  _IPC15bits = 0xc2
                    0x00c4                  IPC16 = 0xc4
                    0x00c4                  _IPC16 = 0xc4
                    0x00c4                  _IPC16bits = 0xc4
                    0x00c8                  IPC18 = 0xc8
                    0x00c8                  _IPC18 = 0xc8
                    0x00c8                  _IPC18bits = 0xc8
                    0x00ca                  IPC19 = 0xca
                    0x00ca                  _IPC19 = 0xca
                    0x00ca                  _IPC19bits = 0xca
                    0x00e0                  INTTREG = 0xe0
                    0x00e0                  _INTTREG = 0xe0
                    0x00e0                  _INTTREGbits = 0xe0
                    0x0100                  TMR1 = 0x100
                    0x0100                  _TMR1 = 0x100
                    0x0102                  PR1 = 0x102
                    0x0102                  _PR1 = 0x102
                    0x0104                  T1CON = 0x104
                    0x0104                  _T1CON = 0x104
                    0x0104                  _T1CONbits = 0x104
                    0x0106                  TMR2 = 0x106
                    0x0106                  _TMR2 = 0x106
                    0x0108                  TMR3HLD = 0x108
                    0x0108                  _TMR3HLD = 0x108
                    0x010a                  TMR3 = 0x10a
                    0x010a                  _TMR3 = 0x10a
                    0x010c                  PR2 = 0x10c
                    0x010c                  _PR2 = 0x10c
                    0x010e                  PR3 = 0x10e
                    0x010e                  _PR3 = 0x10e
                    0x0110                  T2CON = 0x110
                    0x0110                  _T2CON = 0x110
                    0x0110                  _T2CONbits = 0x110
                    0x0112                  T3CON = 0x112
                    0x0112                  _T3CON = 0x112
                    0x0112                  _T3CONbits = 0x112
                    0x0140                  IC1BUF = 0x140
                    0x0140                  _IC1BUF = 0x140
                    0x0142                  IC1CON = 0x142
                    0x0142                  _IC1CON = 0x142
                    0x0142                  _IC1CONbits = 0x142
                    0x0180                  OC1RS = 0x180
                    0x0180                  _OC1RS = 0x180
                    0x0182                  OC1R = 0x182
                    0x0182                  _OC1R = 0x182
                    0x0184                  OC1CON = 0x184
                    0x0184                  _OC1CON = 0x184
                    0x0184                  _OC1CONbits = 0x184
                    0x0200                  I2C1RCV = 0x200
                    0x0200                  _I2C1RCV = 0x200
                    0x0202                  I2C1TRN = 0x202
                    0x0202                  _I2C1TRN = 0x202
                    0x0204                  I2C1BRG = 0x204
                    0x0204                  _I2C1BRG = 0x204
                    0x0206                  I2C1CON = 0x206
                    0x0206                  _I2C1CON = 0x206
                    0x0206                  _I2C1CONbits = 0x206
                    0x0208                  I2C1STAT = 0x208
                    0x0208                  _I2C1STAT = 0x208
                    0x0208                  _I2C1STATbits = 0x208
                    0x020a                  I2C1ADD = 0x20a
                    0x020a                  _I2C1ADD = 0x20a
                    0x020c                  I2C1MSK = 0x20c
                    0x020c                  _I2C1MSK = 0x20c
                    0x020c                  _I2C1MSKbits = 0x20c
                    0x0220                  U1MODE = 0x220
                    0x0220                  _U1MODE = 0x220
                    0x0220                  _U1MODEbits = 0x220
                    0x0222                  U1STA = 0x222
                    0x0222                  _U1STA = 0x222
                    0x0222                  _U1STAbits = 0x222
                    0x0224                  U1TXREG = 0x224
                    0x0224                  _U1TXREG = 0x224
                    0x0226                  U1RXREG = 0x226
                    0x0226                  _U1RXREG = 0x226
                    0x0228                  U1BRG = 0x228
                    0x0228                  _U1BRG = 0x228
                    0x0230                  U2MODE = 0x230
                    0x0230                  _U2MODE = 0x230
                    0x0230                  _U2MODEbits = 0x230
                    0x0232                  U2STA = 0x232
                    0x0232                  _U2STA = 0x232
                    0x0232                  _U2STAbits = 0x232
                    0x0234                  U2TXREG = 0x234
                    0x0234                  _U2TXREG = 0x234
                    0x0236                  U2RXREG = 0x236
                    0x0236                  _U2RXREG = 0x236
                    0x0238                  U2BRG = 0x238
                    0x0238                  _U2BRG = 0x238
                    0x0240                  SPI1STAT = 0x240
                    0x0240                  _SPI1STAT = 0x240
                    0x0240                  _SPI1STATbits = 0x240
                    0x0242                  SPI1CON1 = 0x242
                    0x0242                  _SPI1CON1 = 0x242
                    0x0242                  _SPI1CON1bits = 0x242
                    0x0244                  SPI1CON2 = 0x244
                    0x0244                  _SPI1CON2 = 0x244
                    0x0244                  _SPI1CON2bits = 0x244
                    0x0248                  SPI1BUF = 0x248
                    0x0248                  _SPI1BUF = 0x248
                    0x02c0                  TRISA = 0x2c0
                    0x02c0                  _TRISA = 0x2c0
                    0x02c0                  _TRISAbits = 0x2c0
                    0x02c2                  PORTA = 0x2c2
                    0x02c2                  _PORTA = 0x2c2
                    0x02c2                  _PORTAbits = 0x2c2
                    0x02c4                  LATA = 0x2c4
                    0x02c4                  _LATA = 0x2c4
                    0x02c4                  _LATAbits = 0x2c4
                    0x02c6                  ODCA = 0x2c6
                    0x02c6                  _ODCA = 0x2c6
                    0x02c6                  _ODCAbits = 0x2c6
                    0x02c8                  TRISB = 0x2c8
                    0x02c8                  _TRISB = 0x2c8
                    0x02c8                  _TRISBbits = 0x2c8
                    0x02ca                  PORTB = 0x2ca
                    0x02ca                  _PORTB = 0x2ca
                    0x02ca                  _PORTBbits = 0x2ca
                    0x02cc                  LATB = 0x2cc
                    0x02cc                  _LATB = 0x2cc
                    0x02cc                  _LATBbits = 0x2cc
                    0x02ce                  ODCB = 0x2ce
                    0x02ce                  _ODCB = 0x2ce
                    0x02ce                  _ODCBbits = 0x2ce
                    0x02fc                  PADCFG1 = 0x2fc
                    0x02fc                  _PADCFG1 = 0x2fc
                    0x02fc                  _PADCFG1bits = 0x2fc
                    0x0300                  ADC1BUF0 = 0x300
                    0x0300                  _ADC1BUF0 = 0x300
                    0x0302                  ADC1BUF1 = 0x302
                    0x0302                  _ADC1BUF1 = 0x302
                    0x0304                  ADC1BUF2 = 0x304
                    0x0304                  _ADC1BUF2 = 0x304
                    0x0306                  ADC1BUF3 = 0x306
                    0x0306                  _ADC1BUF3 = 0x306
                    0x0308                  ADC1BUF4 = 0x308
                    0x0308                  _ADC1BUF4 = 0x308
                    0x030a                  ADC1BUF5 = 0x30a
                    0x030a                  _ADC1BUF5 = 0x30a
                    0x030c                  ADC1BUF6 = 0x30c
                    0x030c                  _ADC1BUF6 = 0x30c
                    0x030e                  ADC1BUF7 = 0x30e
                    0x030e                  _ADC1BUF7 = 0x30e
                    0x0310                  ADC1BUF8 = 0x310
                    0x0310                  _ADC1BUF8 = 0x310
                    0x0312                  ADC1BUF9 = 0x312
                    0x0312                  _ADC1BUF9 = 0x312
                    0x0314                  ADC1BUFA = 0x314
                    0x0314                  _ADC1BUFA = 0x314
                    0x0316                  ADC1BUFB = 0x316
                    0x0316                  _ADC1BUFB = 0x316
                    0x0318                  ADC1BUFC = 0x318
                    0x0318                  _ADC1BUFC = 0x318
                    0x031a                  ADC1BUFD = 0x31a
                    0x031a                  _ADC1BUFD = 0x31a
                    0x031c                  ADC1BUFE = 0x31c
                    0x031c                  _ADC1BUFE = 0x31c
                    0x031e                  ADC1BUFF = 0x31e
                    0x031e                  _ADC1BUFF = 0x31e
                    0x0320                  AD1CON1 = 0x320
                    0x0320                  _AD1CON1 = 0x320
                    0x0320                  _AD1CON1bits = 0x320
                    0x0322                  AD1CON2 = 0x322
                    0x0322                  _AD1CON2 = 0x322
                    0x0322                  _AD1CON2bits = 0x322
                    0x0324                  AD1CON3 = 0x324
                    0x0324                  _AD1CON3 = 0x324
                    0x0324                  _AD1CON3bits = 0x324
                    0x0328                  AD1CHS = 0x328
                    0x0328                  _AD1CHS = 0x328
                    0x0328                  _AD1CHSbits = 0x328
                    0x032c                  AD1PCFG = 0x32c
                    0x032c                  _AD1PCFG = 0x32c
                    0x032c                  _AD1PCFGbits = 0x32c
                    0x0330                  AD1CSSL = 0x330
                    0x0330                  _AD1CSSL = 0x330
                    0x0330                  _AD1CSSLbits = 0x330
                    0x033c                  CTMUCON = 0x33c
                    0x033c                  _CTMUCON = 0x33c
                    0x033c                  _CTMUCONbits = 0x33c
                    0x033e                  CTMUICON = 0x33e
                    0x033e                  _CTMUICON = 0x33e
                    0x033e                  _CTMUICONbits = 0x33e
                    0x0620                  ALRMVAL = 0x620
                    0x0620                  _ALRMVAL = 0x620
                    0x0622                  ALCFGRPT = 0x622
                    0x0622                  _ALCFGRPT = 0x622
                    0x0622                  _ALCFGRPTbits = 0x622
                    0x0624                  RTCVAL = 0x624
                    0x0624                  _RTCVAL = 0x624
                    0x0626                  RCFGCAL = 0x626
                    0x0626                  _RCFGCAL = 0x626
                    0x0626                  _RCFGCALbits = 0x626
                    0x0630                  CMSTAT = 0x630
                    0x0630                  _CMSTAT = 0x630
                    0x0630                  _CMSTATbits = 0x630
                    0x0632                  CVRCON = 0x632
                    0x0632                  _CVRCON = 0x632
                    0x0632                  _CVRCONbits = 0x632
                    0x0634                  CM1CON = 0x634
                    0x0634                  _CM1CON = 0x634
                    0x0634                  _CM1CONbits = 0x634
                    0x0636                  CM2CON = 0x636
                    0x0636                  _CM2CON = 0x636
                    0x0636                  _CM2CONbits = 0x636
                    0x0640                  CRCCON = 0x640
                    0x0640                  _CRCCON = 0x640
                    0x0640                  _CRCCONbits = 0x640
                    0x0642                  CRCXOR = 0x642
                    0x0642                  _CRCXOR = 0x642
                    0x0644                  CRCDAT = 0x644
                    0x0644                  _CRCDAT = 0x644
                    0x0646                  CRCWDAT = 0x646
                    0x0646                  _CRCWDAT = 0x646
                    0x0740                  RCON = 0x740
                    0x0740                  _RCON = 0x740
                    0x0740                  _RCONbits = 0x740
                    0x0742                  OSCCON = 0x742
                    0x0742                  _OSCCON = 0x742
                    0x0742                  _OSCCONbits = 0x742
                    0x0742                  OSCCONL = 0x742
                    0x0742                  _OSCCONL = 0x742
                    0x0743                  OSCCONH = 0x743
                    0x0743                  _OSCCONH = 0x743
                    0x0744                  CLKDIV = 0x744
                    0x0744                  _CLKDIV = 0x744
                    0x0744                  _CLKDIVbits = 0x744
                    0x0748                  OSCTUN = 0x748
                    0x0748                  _OSCTUN = 0x748
                    0x0748                  _OSCTUNbits = 0x748
                    0x074e                  REFOCON = 0x74e
                    0x074e                  _REFOCON = 0x74e
                    0x074e                  _REFOCONbits = 0x74e
                    0x0756                  HLVDCON = 0x756
                    0x0756                  _HLVDCON = 0x756
                    0x0756                  _HLVDCONbits = 0x756
                    0x0758                  DSCON = 0x758
                    0x0758                  _DSCON = 0x758
                    0x0758                  _DSCONbits = 0x758
                    0x075a                  DSWAKE = 0x75a
                    0x075a                  _DSWAKE = 0x75a
                    0x075a                  _DSWAKEbits = 0x75a
                    0x075a                  DSWSRC = 0x75a
                    0x075a                  _DSWSRC = 0x75a
                    0x075a                  _DSWSRCbits = 0x75a
                    0x075c                  DSGPR0 = 0x75c
                    0x075c                  _DSGPR0 = 0x75c
                    0x075e                  DSGPR1 = 0x75e
                    0x075e                  _DSGPR1 = 0x75e
                    0x0760                  NVMCON = 0x760
                    0x0760                  _NVMCON = 0x760
                    0x0760                  _NVMCONbits = 0x760
                    0x0766                  NVMKEY = 0x766
                    0x0766                  _NVMKEY = 0x766
                    0x0766                  _NVMKEYbits = 0x766
                    0x0770                  PMD1 = 0x770
                    0x0770                  _PMD1 = 0x770
                    0x0770                  _PMD1bits = 0x770
                    0x0772                  PMD2 = 0x772
                    0x0772                  _PMD2 = 0x772
                    0x0772                  _PMD2bits = 0x772
                    0x0774                  PMD3 = 0x774
                    0x0774                  _PMD3 = 0x774
                    0x0774                  _PMD3bits = 0x774
                    0x0776                  PMD4 = 0x776
                    0x0776                  _PMD4 = 0x776
                    0x0776                  _PMD4bits = 0x776
                    0x0140                  IC1 = 0x140
                    0x0140                  _IC1 = 0x140
                    0x0180                  OC1 = 0x180
                    0x0180                  _OC1 = 0x180
                    0x0240                  SPI1 = 0x240
                    0x0240                  _SPI1 = 0x240
                    0x0220                  UART1 = 0x220
                    0x0220                  _UART1 = 0x220
                    0x0230                  UART2 = 0x230
                    0x0230                  _UART2 = 0x230
START GROUP
LOAD d:/program files/microchip/xc16/v1.60/bin/bin/../../lib\liblega-pic30-elf.a
LOAD d:/program files/microchip/xc16/v1.60/bin/bin/../../lib\libm-elf.a
LOAD d:/program files/microchip/xc16/v1.60/bin/bin/../../lib\liblega-c-elf.a
END GROUP
OUTPUT(dist/default/production/Midterm.X.production.elf elf32-pic30)
LOAD jump_table
LOAD default_isr
LOAD data_init

.debug_pubtypes
                  0x0000a8        0x5a2
 .debug_pubtypes
                  0x0000a8        0x10c build/default/production/ADC.o
 .debug_pubtypes
                  0x0001b4         0x7a build/default/production/ChangeClk.o
 .debug_pubtypes
                  0x00022e        0x18d build/default/production/IOs.o
 .debug_pubtypes
                  0x0003bb        0x11f build/default/production/UART2.o
 .debug_pubtypes
                  0x0004da         0x78 build/default/production/debouncer.o
 .debug_pubtypes
                  0x000552         0x61 build/default/production/main.o
 .debug_pubtypes
                  0x0005b3         0x97 build/default/production/pulse.o

__c30_signature
                  0x00064a        0x1f2
 __c30_signature
                  0x00064a          0x6 build/default/production/ADC.o
 __c30_signature
                  0x000650          0x6 build/default/production/ChangeClk.o
 __c30_signature
                  0x000656          0x6 build/default/production/IOs.o
 __c30_signature
                  0x00065c          0x6 build/default/production/UART2.o
 __c30_signature
                  0x000662          0x6 build/default/production/debouncer.o
 __c30_signature
                  0x000668          0x6 build/default/production/main.o
 __c30_signature
                  0x00066e          0x6 build/default/production/pulse.o
 __c30_signature
                  0x000674          0x6 d:/program files/microchip/xc16/v1.60/bin/bin/../../lib\liblega-pic30-elf.a(crt0_standard.o)
 __c30_signature
                  0x00067a          0x6 d:/program files/microchip/xc16/v1.60/bin/bin/../../lib\liblega-pic30-elf.a(data_init_standard.o)
 __c30_signature
                  0x000680          0x6 d:/program files/microchip/xc16/v1.60/bin/bin/../../lib\libm-elf.a(addsf3.eo)
 __c30_signature
                  0x000686          0x6 d:/program files/microchip/xc16/v1.60/bin/bin/../../lib\libm-elf.a(divsf3.eo)
 __c30_signature
                  0x00068c          0x6 d:/program files/microchip/xc16/v1.60/bin/bin/../../lib\libm-elf.a(fixunssfsi.eo)
 __c30_signature
                  0x000692          0x6 d:/program files/microchip/xc16/v1.60/bin/bin/../../lib\libm-elf.a(floatsisf.eo)
 __c30_signature
                  0x000698          0x6 d:/program files/microchip/xc16/v1.60/bin/bin/../../lib\libm-elf.a(floatunsisf.eo)
 __c30_signature
                  0x00069e          0x6 d:/program files/microchip/xc16/v1.60/bin/bin/../../lib\libm-elf.a(fpack.eo)
 __c30_signature
                  0x0006a4          0x6 d:/program files/microchip/xc16/v1.60/bin/bin/../../lib\libm-elf.a(funpack.eo)
 __c30_signature
                  0x0006aa          0x6 d:/program files/microchip/xc16/v1.60/bin/bin/../../lib\libm-elf.a(funpack2.eo)
 __c30_signature
                  0x0006b0          0x6 d:/program files/microchip/xc16/v1.60/bin/bin/../../lib\libm-elf.a(futil.eo)
 __c30_signature
                  0x0006b6          0x6 d:/program files/microchip/xc16/v1.60/bin/bin/../../lib\libm-elf.a(mulsf3.eo)
 __c30_signature
                  0x0006bc          0x6 d:/program files/microchip/xc16/v1.60/bin/bin/../../lib\libm-elf.a(powf.eo)
 __c30_signature
                  0x0006c2          0x6 d:/program files/microchip/xc16/v1.60/bin/bin/../../lib\libm-elf.a(_frexpf.eo)
 __c30_signature
                  0x0006c8          0x6 d:/program files/microchip/xc16/v1.60/bin/bin/../../lib\libm-elf.a(errno.eo)
 __c30_signature
                  0x0006ce          0x6 d:/program files/microchip/xc16/v1.60/bin/bin/../../lib\libm-elf.a(expf.eo)
 __c30_signature
                  0x0006d4          0x6 d:/program files/microchip/xc16/v1.60/bin/bin/../../lib\libm-elf.a(fchop.eo)
 __c30_signature
                  0x0006da          0x6 d:/program files/microchip/xc16/v1.60/bin/bin/../../lib\libm-elf.a(feqltle.eo)
 __c30_signature
                  0x0006e0          0x6 d:/program files/microchip/xc16/v1.60/bin/bin/../../lib\libm-elf.a(fgtge.eo)
 __c30_signature
                  0x0006e6          0x6 d:/program files/microchip/xc16/v1.60/bin/bin/../../lib\libm-elf.a(fixsfsi.eo)
 __c30_signature
                  0x0006ec          0x6 d:/program files/microchip/xc16/v1.60/bin/bin/../../lib\libm-elf.a(floatdisf.eo)
 __c30_signature
                  0x0006f2          0x6 d:/program files/microchip/xc16/v1.60/bin/bin/../../lib\libm-elf.a(floatundisf.eo)
 __c30_signature
                  0x0006f8          0x6 d:/program files/microchip/xc16/v1.60/bin/bin/../../lib\libm-elf.a(ldexpf.eo)
 __c30_signature
                  0x0006fe          0x6 d:/program files/microchip/xc16/v1.60/bin/bin/../../lib\libm-elf.a(logf.eo)
 __c30_signature
                  0x000704          0x6 d:/program files/microchip/xc16/v1.60/bin/bin/../../lib\libm-elf.a(fcompare.eo)
 __c30_signature
                  0x00070a          0x6 d:/program files/microchip/xc16/v1.60/bin/bin/../../lib\liblega-c-elf.a(strlen.XX_eo)
 __c30_signature
                  0x000710          0x6 d:/program files/microchip/xc16/v1.60/bin/bin/../../lib\liblega-c-elf.a(sprintf_fF.XXeo)
 __c30_signature
                  0x000716          0x6 d:/program files/microchip/xc16/v1.60/bin/bin/../../lib\liblega-c-elf.a(xprintf_fF.XXeo)
 __c30_signature
                  0x00071c          0x6 d:/program files/microchip/xc16/v1.60/bin/bin/../../lib\liblega-c-elf.a(xputfld_fF.XXeo)
 __c30_signature
                  0x000722          0x6 d:/program files/microchip/xc16/v1.60/bin/bin/../../lib\liblega-c-elf.a(xldtob_fF.XXeo)
 __c30_signature
                  0x000728          0x6 d:/program files/microchip/xc16/v1.60/bin/bin/../../lib\liblega-c-elf.a(xgenld_fF.XXeo)
 __c30_signature
                  0x00072e          0x6 d:/program files/microchip/xc16/v1.60/bin/bin/../../lib\liblega-c-elf.a(div.XX_eo)
 __c30_signature
                  0x000734          0x6 d:/program files/microchip/xc16/v1.60/bin/bin/../../lib\liblega-c-elf.a(ldiv.XX_eo)
 __c30_signature
                  0x00073a          0x6 d:/program files/microchip/xc16/v1.60/bin/bin/../../lib\liblega-c-elf.a(memcpy.XX_eo)
 __c30_signature
                  0x000740          0x6 d:/program files/microchip/xc16/v1.60/bin/bin/../../lib\liblega-c-elf.a(strchr.XX_eo)
 __c30_signature
                  0x000746          0x6 d:/program files/microchip/xc16/v1.60/bin/bin/../../lib\liblega-c-elf.a(xldunsca.XX_eo)
 __c30_signature
                  0x00074c          0x6 d:/program files/microchip/xc16/v1.60/bin/bin/../../lib\liblega-c-elf.a(xputtxt.XX_eo)
 __c30_signature
                  0x000752          0x6 d:/program files/microchip/xc16/v1.60/bin/bin/../../lib\liblega-c-elf.a(xvacopy.XX_eo)
 __c30_signature
                  0x000758          0x6 d:/program files/microchip/xc16/v1.60/bin/bin/../../lib\liblega-c-elf.a(efwrite.XX_eo)
 __c30_signature
                  0x00075e          0x6 d:/program files/microchip/xc16/v1.60/bin/bin/../../lib\liblega-c-elf.a(fflush.XX_elo)
 __c30_signature
                  0x000764          0x6 d:/program files/microchip/xc16/v1.60/bin/bin/../../lib\liblega-c-elf.a(xdnorm.XX_elo)
 __c30_signature
                  0x00076a          0x6 d:/program files/microchip/xc16/v1.60/bin/bin/../../lib\liblega-c-elf.a(xfiles.XX_elo)
 __c30_signature
                  0x000770          0x6 d:/program files/microchip/xc16/v1.60/bin/bin/../../lib\liblega-c-elf.a(xfwprep.XX_eo)
 __c30_signature
                  0x000776          0x6 d:/program files/microchip/xc16/v1.60/bin/bin/../../lib\liblega-c-elf.a(fclose.XX_elo)
 __c30_signature
                  0x00077c          0x6 d:/program files/microchip/xc16/v1.60/bin/bin/../../lib\liblega-c-elf.a(xatexit.XX_elo)
 __c30_signature
                  0x000782          0x6 d:/program files/microchip/xc16/v1.60/bin/bin/../../lib\liblega-c-elf.a(free.XX_eo)
 __c30_signature
                  0x000788          0x6 d:/program files/microchip/xc16/v1.60/bin/bin/../../lib\liblega-c-elf.a(malloc.XX_eo)
 __c30_signature
                  0x00078e          0x6 d:/program files/microchip/xc16/v1.60/bin/bin/../../lib\liblega-c-elf.a(xgetmem.XX_eo)
 __c30_signature
                  0x000794          0x6 d:/program files/microchip/xc16/v1.60/bin/bin/../../lib\liblega-pic30-elf.a(close.Leo)
 __c30_signature
                  0x00079a          0x6 d:/program files/microchip/xc16/v1.60/bin/bin/../../lib\liblega-pic30-elf.a(write.Leo)
 __c30_signature
                  0x0007a0          0x6 d:/program files/microchip/xc16/v1.60/bin/bin/../../lib\liblega-pic30-elf.a(remove.Leo)
 __c30_signature
                  0x0007a6          0x6 d:/program files/microchip/xc16/v1.60/bin/bin/../../lib\liblega-pic30-elf.a(sbrk.Leo)
 __c30_signature
                  0x0007ac          0x6 d:/program files/microchip/xc16/v1.60/bin/bin/../../lib\liblega-pic30-elf.a(c30_uart.Leo)
 __c30_signature
                  0x0007b2          0x6 d:/program files/microchip/xc16/v1.60/bin/bin/../../lib\liblega-pic30-elf.a(memcpy_eds.Leo)
 __c30_signature
                  0x0007b8          0x6 d:/program files/microchip/xc16/v1.60/bin/bin/../../lib\liblega-pic30-elf.a(memchr_eds.Leo)
 __c30_signature
                  0x0007be          0x6 d:/program files/microchip/xc16/v1.60/bin/bin/../../lib\liblega-pic30-elf.a(brk.Lelo)
 __c30_signature
                  0x0007c4          0x6 d:/program files/microchip/xc16/v1.60/bin/bin/../../lib\libm-elf.a(deqltle.eo)
 __c30_signature
                  0x0007ca          0x6 d:/program files/microchip/xc16/v1.60/bin/bin/../../lib\libm-elf.a(dgtge.eo)
 __c30_signature
                  0x0007d0          0x6 d:/program files/microchip/xc16/v1.60/bin/bin/../../lib\libm-elf.a(divdf3.eo)
 __c30_signature
                  0x0007d6          0x6 d:/program files/microchip/xc16/v1.60/bin/bin/../../lib\libm-elf.a(divsi3.eo)
 __c30_signature
                  0x0007dc          0x6 d:/program files/microchip/xc16/v1.60/bin/bin/../../lib\libm-elf.a(dpack.eo)
 __c30_signature
                  0x0007e2          0x6 d:/program files/microchip/xc16/v1.60/bin/bin/../../lib\libm-elf.a(dunpack2.eo)
 __c30_signature
                  0x0007e8          0x6 d:/program files/microchip/xc16/v1.60/bin/bin/../../lib\libm-elf.a(extendsfdf.eo)
 __c30_signature
                  0x0007ee          0x6 d:/program files/microchip/xc16/v1.60/bin/bin/../../lib\libm-elf.a(fixdfsi.eo)
 __c30_signature
                  0x0007f4          0x6 d:/program files/microchip/xc16/v1.60/bin/bin/../../lib\libm-elf.a(floatsidf.eo)
 __c30_signature
                  0x0007fa          0x6 d:/program files/microchip/xc16/v1.60/bin/bin/../../lib\libm-elf.a(muldf3.eo)
 __c30_signature
                  0x000800          0x6 d:/program files/microchip/xc16/v1.60/bin/bin/../../lib\libm-elf.a(subdf3.eo)
 __c30_signature
                  0x000806          0x6 d:/program files/microchip/xc16/v1.60/bin/bin/../../lib\libm-elf.a(udivsi3.eo)
 __c30_signature
                  0x00080c          0x6 d:/program files/microchip/xc16/v1.60/bin/bin/../../lib\libm-elf.a(mulsi3.eo)
 __c30_signature
                  0x000812          0x6 d:/program files/microchip/xc16/v1.60/bin/bin/../../lib\libm-elf.a(adddf3.eo)
 __c30_signature
                  0x000818          0x6 d:/program files/microchip/xc16/v1.60/bin/bin/../../lib\libm-elf.a(dcompare.eo)
 __c30_signature
                  0x00081e          0x6 d:/program files/microchip/xc16/v1.60/bin/bin/../../lib\libm-elf.a(dpropagateNaN.eo)
 __c30_signature
                  0x000824          0x6 d:/program files/microchip/xc16/v1.60/bin/bin/../../lib\libm-elf.a(dtype.eo)
 __c30_signature
                  0x00082a          0x6 d:/program files/microchip/xc16/v1.60/bin/bin/../../lib\libm-elf.a(dunpack.eo)
 __c30_signature
                  0x000830          0x6 d:/program files/microchip/xc16/v1.60/bin/bin/../../lib\libm-elf.a(floatdidf.eo)
 __c30_signature
                  0x000836          0x6 d:/program files/microchip/xc16/v1.60/bin/bin/../../lib\libm-elf.a(floatundidf.eo)

.nbss               0x0800          0xa
 .nbss              0x0800          0x6 build/default/production/IOs.o
                    0x0800                  _STATE
                    0x0802                  _freq
                    0x0804                  _amp
 .nbss              0x0806          0x2 build/default/production/UART2.o
                    0x0806                  _clkval
 .nbss              0x0808          0x2 d:/program files/microchip/xc16/v1.60/bin/bin/../../lib\libm-elf.a(errno.eo)
                    0x0808                  _errno

.data               0x080a         0xfa
 .data              0x080a         0x88 d:/program files/microchip/xc16/v1.60/bin/bin/../../lib\liblega-c-elf.a(xfiles.XX_elo)
                    0x080a                  __Stdin
                    0x0832                  __Stdout
                    0x085a                  __Stderr
                    0x0882                  __Files
 .data              0x0892         0x58 d:/program files/microchip/xc16/v1.60/bin/bin/../../lib\liblega-c-elf.a(xldtob_fF.XXeo)
 .data              0x08ea         0x1a d:/program files/microchip/xc16/v1.60/bin/bin/../../lib\liblega-c-elf.a(xprintf_fF.XXeo)

.bss                0x0904          0x4
 .bss               0x0904          0x4 d:/program files/microchip/xc16/v1.60/bin/bin/../../lib\liblega-c-elf.a(malloc.XX_eo)
                    0x0904                  __Aldata

.data               0x0908          0x2
 .data              0x0908          0x2 d:/program files/microchip/xc16/v1.60/bin/bin/../../lib\liblega-c-elf.a(xgenld_fF.XXeo)

.bss                0x090a          0x2
 .bss               0x090a          0x2 d:/program files/microchip/xc16/v1.60/bin/bin/../../lib\liblega-c-elf.a(fclose.XX_elo)

.data               0x090c          0x4
 .data              0x090c          0x2 d:/program files/microchip/xc16/v1.60/bin/bin/../../lib\liblega-c-elf.a(malloc.XX_eo)
                    0x090c                  __Size_block
 .data              0x090e          0x2 d:/program files/microchip/xc16/v1.60/bin/bin/../../lib\liblega-pic30-elf.a(c30_uart.Leo)
                    0x090e                  ___C30_UART

.bss                0x0910          0x2
 .bss               0x0910          0x2 d:/program files/microchip/xc16/v1.60/bin/bin/../../lib\liblega-pic30-elf.a(brk.Lelo)
                    0x0910                  ___curbrk

.ivt._CNInterrupt
                  0x00003a          0x2
 .ivt._CNInterrupt
                  0x00003a          0x2 build/default/production/IOs.o

.ivt._U2RXInterrupt
                  0x000050          0x2
 .ivt._U2RXInterrupt
                  0x000050          0x2 build/default/production/UART2.o

.ivt._U2TXInterrupt
                  0x000052          0x2
 .ivt._U2TXInterrupt
                  0x000052          0x2 build/default/production/UART2.o

.ivt._T1Interrupt
                  0x00001a          0x2
 .ivt._T1Interrupt
                  0x00001a          0x2 build/default/production/debouncer.o

.config_FCKSM     0xf80008          0x2
 .config_FCKSM    0xf80008          0x2 build/default/production/main.o

.config_IESO      0xf80006          0x2
 .config_IESO     0xf80006          0x2 build/default/production/main.o

.ivt._T3Interrupt
                  0x000024          0x2
 .ivt._T3Interrupt
                  0x000024          0x2 build/default/production/pulse.o

.const              0x9fca         0x70 load address 0x001fca  
 .const             0x9fca         0x70 build/default/production/ADC.o

.text             0x00203a        0x374
 .text            0x00203a        0x1ee build/default/production/UART2.o
                  0x00203a                  _InitUART2
                  0x0020a2                  _XmitUART2
                  0x0020da                  _Disp2Hex
                  0x002138                  _Disp2Hex32
                  0x0021a6                  _Disp2Dec
                  0x002206                  _Disp2String
 .text            0x002228        0x186 build/default/production/ADC.o
                  0x002228                  _ADCinit
                  0x002278                  _do_ADC
                  0x0022bc                  _ADC_Display
                  0x00231a                  _ADC2mV
                  0x00234a                  _ADC2ohm
                  0x00239a                  _clearLine

.dinit            0x0023ae         0xfa
 .dinit           0x0023ae         0xfa data_init

.text             0x0024a8        0x104
 .text            0x0024a8         0x74 build/default/production/ChangeClk.o
                  0x0024a8                  _NewClk
 .text            0x00251c         0x2e build/default/production/pulse.o
                  0x00251c                  _TimerInit
 .text            0x00254a         0x26 build/default/production/IOs.o
                  0x00254a                  _IOinit
 .text            0x002570         0x24 build/default/production/main.o
                  0x002570                  _main
 .text            0x002594         0x18 build/default/production/debouncer.o
                  0x002594                  _DBinit
